Archive member included because of file (symbol)

c:/chibistudio/tools/gnu tools arm embedded/4.9 2015q3/bin/../lib/gcc/arm-none-eabi/4.9.3/../../../../arm-none-eabi/lib/armv7e-m\libg.a(lib_a-atoi.o)
                              build/obj/main.o (symbol from plugin) (atoi)
c:/chibistudio/tools/gnu tools arm embedded/4.9 2015q3/bin/../lib/gcc/arm-none-eabi/4.9.3/../../../../arm-none-eabi/lib/armv7e-m\libg.a(lib_a-strtol.o)
                              c:/chibistudio/tools/gnu tools arm embedded/4.9 2015q3/bin/../lib/gcc/arm-none-eabi/4.9.3/../../../../arm-none-eabi/lib/armv7e-m\libg.a(lib_a-atoi.o) (_strtol_r)
c:/chibistudio/tools/gnu tools arm embedded/4.9 2015q3/bin/../lib/gcc/arm-none-eabi/4.9.3/../../../../arm-none-eabi/lib/armv7e-m\libg.a(lib_a-ctype_.o)
                              c:/chibistudio/tools/gnu tools arm embedded/4.9 2015q3/bin/../lib/gcc/arm-none-eabi/4.9.3/../../../../arm-none-eabi/lib/armv7e-m\libg.a(lib_a-strtol.o) (__ctype_ptr__)
c:/chibistudio/tools/gnu tools arm embedded/4.9 2015q3/bin/../lib/gcc/arm-none-eabi/4.9.3/../../../../arm-none-eabi/lib/armv7e-m\libg.a(lib_a-impure.o)
                              c:/chibistudio/tools/gnu tools arm embedded/4.9 2015q3/bin/../lib/gcc/arm-none-eabi/4.9.3/../../../../arm-none-eabi/lib/armv7e-m\libg.a(lib_a-strtol.o) (_impure_ptr)
c:/chibistudio/tools/gnu tools arm embedded/4.9 2015q3/bin/../lib/gcc/arm-none-eabi/4.9.3/../../../../arm-none-eabi/lib/armv7e-m\libg.a(lib_a-memcpy.o)
                              C:\Users\Ciccio\AppData\Local\Temp\ccXVDL4Z.ltrans0.ltrans.o (memcpy)

Discarded input sections

 .data          0x00000000        0x0 build/obj/crt0_v7m.o
 .bss           0x00000000        0x0 build/obj/crt0_v7m.o
 .data          0x00000000        0x0 build/obj/chcoreasm_v7m.o
 .bss           0x00000000        0x0 build/obj/chcoreasm_v7m.o
 .text          0x00000000        0x0 build/obj/crt1.o (symbol from plugin)
 .text          0x00000000        0x0 C:\Users\Ciccio\AppData\Local\Temp\ccXVDL4Z.ltrans0.ltrans.o
 .data          0x00000000        0x0 C:\Users\Ciccio\AppData\Local\Temp\ccXVDL4Z.ltrans0.ltrans.o
 .bss           0x00000000        0x0 C:\Users\Ciccio\AppData\Local\Temp\ccXVDL4Z.ltrans0.ltrans.o
 .rodata.__func__.6506.lto_priv.410
                0x00000000        0xe C:\Users\Ciccio\AppData\Local\Temp\ccXVDL4Z.ltrans0.ltrans.o
 .rodata.__func__.6524.lto_priv.407
                0x00000000        0xd C:\Users\Ciccio\AppData\Local\Temp\ccXVDL4Z.ltrans0.ltrans.o
 .rodata.__func__.7048.lto_priv.329
                0x00000000        0xb C:\Users\Ciccio\AppData\Local\Temp\ccXVDL4Z.ltrans0.ltrans.o
 .rodata.__func__.7353.lto_priv.311
                0x00000000        0xe C:\Users\Ciccio\AppData\Local\Temp\ccXVDL4Z.ltrans0.ltrans.o
 .rodata.__func__.7364.lto_priv.310
                0x00000000       0x13 C:\Users\Ciccio\AppData\Local\Temp\ccXVDL4Z.ltrans0.ltrans.o
 .rodata.__func__.6051.lto_priv.316
                0x00000000        0xc C:\Users\Ciccio\AppData\Local\Temp\ccXVDL4Z.ltrans0.ltrans.o
 .rodata.__func__.7378.lto_priv.309
                0x00000000       0x19 C:\Users\Ciccio\AppData\Local\Temp\ccXVDL4Z.ltrans0.ltrans.o
 .rodata.__func__.7385.lto_priv.308
                0x00000000       0x17 C:\Users\Ciccio\AppData\Local\Temp\ccXVDL4Z.ltrans0.ltrans.o
 .rodata.__func__.7411.lto_priv.307
                0x00000000        0xe C:\Users\Ciccio\AppData\Local\Temp\ccXVDL4Z.ltrans0.ltrans.o
 .rodata.__func__.7422.lto_priv.306
                0x00000000       0x17 C:\Users\Ciccio\AppData\Local\Temp\ccXVDL4Z.ltrans0.ltrans.o
 .rodata.__func__.7436.lto_priv.305
                0x00000000       0x1a C:\Users\Ciccio\AppData\Local\Temp\ccXVDL4Z.ltrans0.ltrans.o
 .rodata.__func__.7445.lto_priv.304
                0x00000000       0x13 C:\Users\Ciccio\AppData\Local\Temp\ccXVDL4Z.ltrans0.ltrans.o
 .rodata.__func__.7045.lto_priv.302
                0x00000000        0x8 C:\Users\Ciccio\AppData\Local\Temp\ccXVDL4Z.ltrans0.ltrans.o
 .rodata.__func__.7049.lto_priv.301
                0x00000000        0xd C:\Users\Ciccio\AppData\Local\Temp\ccXVDL4Z.ltrans0.ltrans.o
 .rodata.__func__.7069.lto_priv.299
                0x00000000       0x18 C:\Users\Ciccio\AppData\Local\Temp\ccXVDL4Z.ltrans0.ltrans.o
 .rodata.__func__.7034.lto_priv.296
                0x00000000        0xb C:\Users\Ciccio\AppData\Local\Temp\ccXVDL4Z.ltrans0.ltrans.o
 .rodata.__func__.7039.lto_priv.295
                0x00000000        0xc C:\Users\Ciccio\AppData\Local\Temp\ccXVDL4Z.ltrans0.ltrans.o
 .rodata.__func__.7044.lto_priv.110
                0x00000000        0xe C:\Users\Ciccio\AppData\Local\Temp\ccXVDL4Z.ltrans0.ltrans.o
 .rodata.__func__.7086.lto_priv.283
                0x00000000        0x7 C:\Users\Ciccio\AppData\Local\Temp\ccXVDL4Z.ltrans0.ltrans.o
 .rodata.__func__.7096.lto_priv.281
                0x00000000        0xf C:\Users\Ciccio\AppData\Local\Temp\ccXVDL4Z.ltrans0.ltrans.o
 .rodata.__func__.7042.lto_priv.280
[...]
Memory Configuration

Name             Origin             Length             Attributes
flash            0x08000000         0x00080000
ram0             0x20000000         0x00018000
ram1             0x00000000         0x00000000
ram2             0x00000000         0x00000000
ram3             0x00000000         0x00000000
ram4             0x00000000         0x00000000
ram5             0x00000000         0x00000000
ram6             0x00000000         0x00000000
ram7             0x00000000         0x00000000
*default*        0x00000000         0xffffffff

Linker script and memory map

LOAD build/obj/crt0_v7m.o
LOAD build/obj/chcoreasm_v7m.o
LOAD build/obj/crt1.o
LOAD C:\Users\Ciccio\AppData\Local\Temp\ccXVDL4Z.ltrans0.ltrans.o
LOAD C:\Users\Ciccio\AppData\Local\Temp\ccXVDL4Z.ltrans1.ltrans.o
LOAD C:\Users\Ciccio\AppData\Local\Temp\ccXVDL4Z.ltrans2.ltrans.o
LOAD C:\Users\Ciccio\AppData\Local\Temp\ccXVDL4Z.ltrans3.ltrans.o
LOAD C:\Users\Ciccio\AppData\Local\Temp\ccXVDL4Z.ltrans4.ltrans.o
LOAD C:\Users\Ciccio\AppData\Local\Temp\ccXVDL4Z.ltrans5.ltrans.o
LOAD C:\Users\Ciccio\AppData\Local\Temp\ccXVDL4Z.ltrans6.ltrans.o
LOAD C:\Users\Ciccio\AppData\Local\Temp\ccXVDL4Z.ltrans7.ltrans.o
LOAD C:\Users\Ciccio\AppData\Local\Temp\ccXVDL4Z.ltrans8.ltrans.o
LOAD C:\Users\Ciccio\AppData\Local\Temp\ccXVDL4Z.ltrans9.ltrans.o
LOAD C:\Users\Ciccio\AppData\Local\Temp\ccXVDL4Z.ltrans10.ltrans.o
LOAD C:\Users\Ciccio\AppData\Local\Temp\ccXVDL4Z.ltrans11.ltrans.o
LOAD c:/chibistudio/tools/gnu tools arm embedded/4.9 2015q3/bin/../lib/gcc/arm-none-eabi/4.9.3/armv7e-m\libgcc.a
LOAD c:/chibistudio/tools/gnu tools arm embedded/4.9 2015q3/bin/../lib/gcc/arm-none-eabi/4.9.3/../../../../arm-none-eabi/lib/armv7e-m\libg.a
LOAD c:/chibistudio/tools/gnu tools arm embedded/4.9 2015q3/bin/../lib/gcc/arm-none-eabi/4.9.3/../../../../arm-none-eabi/lib/armv7e-m\libc.a
LOAD build/obj/vectors.o
LOAD build/obj/chsys.o
LOAD build/obj/chdebug.o
LOAD build/obj/chvt.o
LOAD build/obj/chschd.o
LOAD build/obj/chthreads.o
LOAD build/obj/chtm.o
LOAD build/obj/chstats.o
LOAD build/obj/chdynamic.o
LOAD build/obj/chregistry.o
LOAD build/obj/chsem.o
LOAD build/obj/chmtx.o
LOAD build/obj/chcond.o
LOAD build/obj/chevents.o
LOAD build/obj/chmsg.o
LOAD build/obj/chmboxes.o
LOAD build/obj/chqueues.o
LOAD build/obj/chmemcore.o
LOAD build/obj/chheap.o
LOAD build/obj/chmempools.o
LOAD build/obj/chcore.o
LOAD build/obj/chcore_v7m.o
LOAD build/obj/osal.o
LOAD build/obj/hal.o
LOAD build/obj/st.o
LOAD build/obj/hal_buffers.o
LOAD build/obj/hal_queues.o
LOAD build/obj/hal_mmcsd.o
LOAD build/obj/i2c.o
LOAD build/obj/pal.o
LOAD build/obj/serial.o
LOAD build/obj/nvic.o
LOAD build/obj/hal_lld.o
LOAD build/obj/stm32_dma.o
LOAD build/obj/st_lld.o
LOAD build/obj/pal_lld.o
LOAD build/obj/i2c_lld.o
LOAD build/obj/serial_lld.o
LOAD build/obj/board.o
LOAD build/obj/test.o
LOAD build/obj/testthd.o
LOAD build/obj/testsem.o
LOAD build/obj/testmtx.o
LOAD build/obj/testmsg.o
LOAD build/obj/testmbox.o
LOAD build/obj/testevt.o
LOAD build/obj/testheap.o
LOAD build/obj/testpools.o
LOAD build/obj/testdyn.o
LOAD build/obj/testqueues.o
LOAD build/obj/testsys.o
LOAD build/obj/testbmk.o
LOAD build/obj/memstreams.o
LOAD build/obj/chprintf.o
LOAD build/obj/main.o
                0x20000000                __ram0_start__ = ORIGIN (ram0)
                0x00018000                __ram0_size__ = 0x18000
                0x20018000                __ram0_end__ = (__ram0_start__ + __ram0_size__)
                0x00000000                __ram1_start__ = ORIGIN (ram1)
                0x00000000                __ram1_size__ = 0x0
                0x00000000                __ram1_end__ = (__ram1_start__ + __ram1_size__)
                0x00000000                __ram2_start__ = ORIGIN (ram2)
                0x00000000                __ram2_size__ = 0x0
                0x00000000                __ram2_end__ = (__ram2_start__ + __ram2_size__)
                0x00000000                __ram3_start__ = ORIGIN (ram3)
                0x00000000                __ram3_size__ = 0x0
                0x00000000                __ram3_end__ = (__ram3_start__ + __ram3_size__)
                0x00000000                __ram4_start__ = ORIGIN (ram4)
                0x00000000                __ram4_size__ = 0x0
                0x00000000                __ram4_end__ = (__ram4_start__ + __ram4_size__)
                0x00000000                __ram5_start__ = ORIGIN (ram5)
                0x00000000                __ram5_size__ = 0x0
                0x00000000                __ram5_end__ = (__ram5_start__ + __ram5_size__)
                0x00000000                __ram6_start__ = ORIGIN (ram6)
                0x00000000                __ram6_size__ = 0x0
                0x00000000                __ram6_end__ = (__ram6_start__ + __ram6_size__)
                0x00000000                __ram7_start__ = ORIGIN (ram7)
                0x00000000                __ram7_size__ = 0x0
                0x00000000                __ram7_end__ = (__ram7_start__ + __ram7_size__)
                0x00000000                . = 0x0
                0x00000000                _text = .

startup         0x08000000      0x1c0
 *(.vectors)
 .vectors       0x08000000      0x1c0 C:\Users\Ciccio\AppData\Local\Temp\ccXVDL4Z.ltrans0.ltrans.o
                0x08000000                _vectors

constructors    0x080001c0        0x0
                0x080001c0                __init_array_start = .
 *(SORT(.init_array.*))
 *(.init_array)
                0x080001c0                __init_array_end = .

destructors     0x080001c0        0x0
                0x080001c0                __fini_array_start = .
 *(.fini_array)
 *(SORT(.fini_array.*))
                0x080001c0                __fini_array_end = .

.text           0x080001c0     0xe804
 *(.text)
 .text          0x080001c0       0xc4 build/obj/crt0_v7m.o
                0x080001c0                Reset_Handler
 *fill*         0x08000284        0xc 
 .text          0x08000290       0x40 build/obj/chcoreasm_v7m.o
                0x08000290                _port_switch
                0x080002a0                _port_thread_start
                0x080002b8                _port_switch_from_isr
                0x080002cc                _port_exit_from_isr
 *(.text.*)
 .text.bmk13_execute
                0x080002d0       0xe8 C:\Users\Ciccio\AppData\Local\Temp\ccXVDL4Z.ltrans0.ltrans.o
 *fill*         0x080003b8        0x8 
 .text.long_to_string_with_divisor
                0x080003c0       0xa0 C:\Users\Ciccio\AppData\Local\Temp\ccXVDL4Z.ltrans0.ltrans.o
 .text.ch_ltoa  0x08000460       0x20 C:\Users\Ciccio\AppData\Local\Temp\ccXVDL4Z.ltrans0.ltrans.o
 .text.chvprintf
                0x08000480      0x44c C:\Users\Ciccio\AppData\Local\Temp\ccXVDL4Z.ltrans0.ltrans.o
 *fill*         0x080008cc        0x4 
 .text.chprintf
                0x080008d0       0x28 C:\Users\Ciccio\AppData\Local\Temp\ccXVDL4Z.ltrans0.ltrans.o
 *fill*         0x080008f8        0x8 
 .text.chIQGet  0x08000900       0x1c C:\Users\Ciccio\AppData\Local\Temp\ccXVDL4Z.ltrans0.ltrans.o
 *fill*         0x0800091c        0x4 
 .text.readreg  0x08000920       0x80 C:\Users\Ciccio\AppData\Local\Temp\ccXVDL4Z.ltrans0.ltrans.o
 .text.writereg
                0x080009a0       0x84 C:\Users\Ciccio\AppData\Local\Temp\ccXVDL4Z.ltrans0.ltrans.o
 *fill*         0x08000a24        0xc 
 .text.reset    0x08000a30       0x1c C:\Users\Ciccio\AppData\Local\Temp\ccXVDL4Z.ltrans0.ltrans.o
 *fill*         0x08000a4c        0x4 
 .text.setFreq  0x08000a50       0x90 C:\Users\Ciccio\AppData\Local\Temp\ccXVDL4Z.ltrans0.ltrans.o
 .text.setPWM   0x08000ae0       0xd0 C:\Users\Ciccio\AppData\Local\Temp\ccXVDL4Z.ltrans0.ltrans.o
 .text.trasformToPWM
                0x08000bb0       0x54 C:\Users\Ciccio\AppData\Local\Temp\ccXVDL4Z.ltrans0.ltrans.o
 *fill*         0x08000c04        0xc 
 .text.thReader
                0x08000c10      0x228 C:\Users\Ciccio\AppData\Local\Temp\ccXVDL4Z.ltrans0.ltrans.o
 *fill*         0x08000e38        0x8 
 .text.main     0x08000e40       0xb8 C:\Users\Ciccio\AppData\Local\Temp\ccXVDL4Z.ltrans0.ltrans.o
                0x08000e40                main
 *fill*         0x08000ef8        0x8 
 .text.queues2_setup.lto_priv.51
                0x08000f00       0x2c C:\Users\Ciccio\AppData\Local\Temp\ccXVDL4Z.ltrans1.ltrans.o
                0x08000f00                queues2_setup.lto_priv.51
 *fill*         0x08000f2c        0x4 
 .text.thread2.lto_priv.148
                0x08000f30       0x1c C:\Users\Ciccio\AppData\Local\Temp\ccXVDL4Z.ltrans1.ltrans.o
 *fill*         0x08000f4c        0x4 
 .text.queues2_execute.lto_priv.52
                0x08000f50      0x298 C:\Users\Ciccio\AppData\Local\Temp\ccXVDL4Z.ltrans1.ltrans.o
                0x08000f50                queues2_execute.lto_priv.52
 *fill*         0x080011e8        0x8 
 .text.port_get_irq_status
                0x080011f0       0x14 C:\Users\Ciccio\AppData\Local\Temp\ccXVDL4Z.ltrans1.ltrans.o
 *fill*         0x08001204        0xc 
 .text.port_irq_enabled
                0x08001210       0x18 C:\Users\Ciccio\AppData\Local\Temp\ccXVDL4Z.ltrans1.ltrans.o
 *fill*         0x08001228        0x8 
 .text.port_lock.lto_priv.160
                0x08001230       0x10 C:\Users\Ciccio\AppData\Local\Temp\ccXVDL4Z.ltrans1.ltrans.o
 .text.port_unlock.lto_priv.158
                0x08001240       0x10 C:\Users\Ciccio\AppData\Local\Temp\ccXVDL4Z.ltrans1.ltrans.o
 .text.port_lock_from_isr
                0x08001250        0x8 C:\Users\Ciccio\AppData\Local\Temp\ccXVDL4Z.ltrans1.ltrans.o
 *fill*         0x08001258        0x8 
 .text.port_unlock_from_isr
                0x08001260        0x8 C:\Users\Ciccio\AppData\Local\Temp\ccXVDL4Z.ltrans1.ltrans.o
 *fill*         0x08001268        0x8 
 .text.port_disable
                0x08001270        0x4 C:\Users\Ciccio\AppData\Local\Temp\ccXVDL4Z.ltrans1.ltrans.o
 *fill*         0x08001274        0xc 
 .text.port_suspend
                0x08001280       0x14 C:\Users\Ciccio\AppData\Local\Temp\ccXVDL4Z.ltrans1.ltrans.o
 *fill*         0x08001294        0xc 
 .text.port_enable
                0x080012a0       0x14 C:\Users\Ciccio\AppData\Local\Temp\ccXVDL4Z.ltrans1.ltrans.o
 *fill*         0x080012b4        0xc 
 .text.chSysDisable
                0x080012c0        0xc C:\Users\Ciccio\AppData\Local\Temp\ccXVDL4Z.ltrans1.ltrans.o
 *fill*         0x080012cc        0x4 
 .text.chSysSuspend
                0x080012d0        0xc C:\Users\Ciccio\AppData\Local\Temp\ccXVDL4Z.ltrans1.ltrans.o
 *fill*         0x080012dc        0x4 
 .text.chSysEnable
                0x080012e0        0xc C:\Users\Ciccio\AppData\Local\Temp\ccXVDL4Z.ltrans1.ltrans.o
 *fill*         0x080012ec        0x4 
 .text.chSysLock.lto_priv.156
                0x080012f0       0x10 C:\Users\Ciccio\AppData\Local\Temp\ccXVDL4Z.ltrans1.ltrans.o
 .text.chSysUnlock.lto_priv.153
                0x08001300       0x38 C:\Users\Ciccio\AppData\Local\Temp\ccXVDL4Z.ltrans1.ltrans.o
 *fill*         0x08001338        0x8 
 .text.chSysLockFromISR
                0x08001340       0x10 C:\Users\Ciccio\AppData\Local\Temp\ccXVDL4Z.ltrans1.ltrans.o
 .text.chSysUnlockFromISR
                0x08001350       0x10 C:\Users\Ciccio\AppData\Local\Temp\ccXVDL4Z.ltrans1.ltrans.o
 .text.chSysUnconditionalLock
                0x08001360       0x1c C:\Users\Ciccio\AppData\Local\Temp\ccXVDL4Z.ltrans1.ltrans.o
 *fill*         0x0800137c        0x4 
 .text.chSysUnconditionalUnlock
                0x08001380       0x20 C:\Users\Ciccio\AppData\Local\Temp\ccXVDL4Z.ltrans1.ltrans.o
 .text.chVTObjectInit
                0x080013a0       0x10 C:\Users\Ciccio\AppData\Local\Temp\ccXVDL4Z.ltrans1.ltrans.o
 .text.chVTIsArmedI
                0x080013b0       0x20 C:\Users\Ciccio\AppData\Local\Temp\ccXVDL4Z.ltrans1.ltrans.o
 .text.chVTIsArmed
                0x080013d0       0x28 C:\Users\Ciccio\AppData\Local\Temp\ccXVDL4Z.ltrans1.ltrans.o
 *fill*         0x080013f8        0x8 
 .text.chVTResetI
                0x08001400       0x20 C:\Users\Ciccio\AppData\Local\Temp\ccXVDL4Z.ltrans1.ltrans.o
 .text.chVTSetI
                0x08001420       0x24 C:\Users\Ciccio\AppData\Local\Temp\ccXVDL4Z.ltrans1.ltrans.o
 *fill*         0x08001444        0xc 
 .text.chVTSet  0x08001450       0x28 C:\Users\Ciccio\AppData\Local\Temp\ccXVDL4Z.ltrans1.ltrans.o
 *fill*         0x08001478        0x8 
 .text.vtcb     0x08001480       0x28 C:\Users\Ciccio\AppData\Local\Temp\ccXVDL4Z.ltrans1.ltrans.o
 *fill*         0x080014a8        0x8 
 .text.sys1_execute.lto_priv.50
                0x080014b0       0x90 C:\Users\Ciccio\AppData\Local\Temp\ccXVDL4Z.ltrans1.ltrans.o
                0x080014b0                sys1_execute.lto_priv.50
 .text.sys2_execute.lto_priv.49
                0x08001540       0x14 C:\Users\Ciccio\AppData\Local\Temp\ccXVDL4Z.ltrans1.ltrans.o
                0x08001540                sys2_execute.lto_priv.49
 *fill*         0x08001554        0xc 
 .text.sys3_execute.lto_priv.48
                0x08001560       0xf4 C:\Users\Ciccio\AppData\Local\Temp\ccXVDL4Z.ltrans1.ltrans.o
                0x08001560                sys3_execute.lto_priv.48
 *fill*         0x08001654        0xc 
 .text.port_lock.lto_priv.161
                0x08001660       0x10 C:\Users\Ciccio\AppData\Local\Temp\ccXVDL4Z.ltrans1.ltrans.o
 .text.port_unlock.lto_priv.159
                0x08001670       0x10 C:\Users\Ciccio\AppData\Local\Temp\ccXVDL4Z.ltrans1.ltrans.o
 .text.chSysLock.lto_priv.157
                0x08001680       0x10 C:\Users\Ciccio\AppData\Local\Temp\ccXVDL4Z.ltrans1.ltrans.o
 .text.chSysUnlock.lto_priv.154
                0x08001690       0x38 C:\Users\Ciccio\AppData\Local\Temp\ccXVDL4Z.ltrans1.ltrans.o
 *fill*         0x080016c8        0x8 
 .text.chThdGetSelfX
                0x080016d0        0xc C:\Users\Ciccio\AppData\Local\Temp\ccXVDL4Z.ltrans1.ltrans.o
 *fill*         0x080016dc        0x4 
 .text.chThdGetPriorityX.lto_priv.151
                0x080016e0       0x10 C:\Users\Ciccio\AppData\Local\Temp\ccXVDL4Z.ltrans1.ltrans.o
 .text.chThdShouldTerminateX
                0x080016f0       0x20 C:\Users\Ciccio\AppData\Local\Temp\ccXVDL4Z.ltrans1.ltrans.o
 .text.chMsgGet
                0x08001710       0x10 C:\Users\Ciccio\AppData\Local\Temp\ccXVDL4Z.ltrans1.ltrans.o
 .text.chIQGet  0x08001720       0x1c C:\Users\Ciccio\AppData\Local\Temp\ccXVDL4Z.ltrans1.ltrans.o
 *fill*         0x0800173c        0x4 
 .text.thread1  0x08001740       0x14 C:\Users\Ciccio\AppData\Local\Temp\ccXVDL4Z.ltrans1.ltrans.o
 *fill*         0x08001754        0xc 
 .text.thread2.lto_priv.149
                0x08001760       0x28 C:\Users\Ciccio\AppData\Local\Temp\ccXVDL4Z.ltrans1.ltrans.o
 *fill*         0x08001788        0x8 
 .text.msg_loop_test
                0x08001790       0x48 C:\Users\Ciccio\AppData\Local\Temp\ccXVDL4Z.ltrans1.ltrans.o
 *fill*         0x080017d8        0x8 
 .text.bmk1_execute.lto_priv.45
                0x080017e0       0x74 C:\Users\Ciccio\AppData\Local\Temp\ccXVDL4Z.ltrans1.ltrans.o
                0x080017e0                bmk1_execute.lto_priv.45
 *fill*         0x08001854        0xc 
 .text.bmk2_execute.lto_priv.44
                0x08001860       0x74 C:\Users\Ciccio\AppData\Local\Temp\ccXVDL4Z.ltrans1.ltrans.o
                0x08001860                bmk2_execute.lto_priv.44
 *fill*         0x080018d4        0xc 
 .text.bmk3_execute.lto_priv.43
                0x080018e0      0x100 C:\Users\Ciccio\AppData\Local\Temp\ccXVDL4Z.ltrans1.ltrans.o
                0x080018e0                bmk3_execute.lto_priv.43
 .text.thread4  0x080019e0       0x2c C:\Users\Ciccio\AppData\Local\Temp\ccXVDL4Z.ltrans1.ltrans.o
 *fill*         0x08001a0c        0x4 
 .text.bmk4_execute.lto_priv.42
                0x08001a10       0xc0 C:\Users\Ciccio\AppData\Local\Temp\ccXVDL4Z.ltrans1.ltrans.o
                0x08001a10                bmk4_execute.lto_priv.42
 .text.bmk5_execute.lto_priv.41
                0x08001ad0       0x80 C:\Users\Ciccio\AppData\Local\Temp\ccXVDL4Z.ltrans1.ltrans.o
                0x08001ad0                bmk5_execute.lto_priv.41
 .text.bmk6_execute.lto_priv.40
                0x08001b50       0x78 C:\Users\Ciccio\AppData\Local\Temp\ccXVDL4Z.ltrans1.ltrans.o
                0x08001b50                bmk6_execute.lto_priv.40
 *fill*         0x08001bc8        0x8 
 .text.thread3  0x08001bd0       0x28 C:\Users\Ciccio\AppData\Local\Temp\ccXVDL4Z.ltrans1.ltrans.o
 *fill*         0x08001bf8        0x8 
 .text.bmk7_setup.lto_priv.38
                0x08001c00       0x10 C:\Users\Ciccio\AppData\Local\Temp\ccXVDL4Z.ltrans1.ltrans.o
                0x08001c00                bmk7_setup.lto_priv.38
 .text.bmk7_execute.lto_priv.39
                0x08001c10      0x138 C:\Users\Ciccio\AppData\Local\Temp\ccXVDL4Z.ltrans1.ltrans.o
                0x08001c10                bmk7_execute.lto_priv.39
 *fill*         0x08001d48        0x8 
 .text.thread8  0x08001d50       0x38 C:\Users\Ciccio\AppData\Local\Temp\ccXVDL4Z.ltrans1.ltrans.o
 *fill*         0x08001d88        0x8 
 .text.bmk8_execute.lto_priv.37
                0x08001d90       0xf4 C:\Users\Ciccio\AppData\Local\Temp\ccXVDL4Z.ltrans1.ltrans.o
                0x08001d90                bmk8_execute.lto_priv.37
 *fill*         0x08001e84        0xc 
 .text.bmk9_execute.lto_priv.36
                0x08001e90       0xa8 C:\Users\Ciccio\AppData\Local\Temp\ccXVDL4Z.ltrans1.ltrans.o
                0x08001e90                bmk9_execute.lto_priv.36
 *fill*         0x08001f38        0x8 
 .text.tmo      0x08001f40        0x8 C:\Users\Ciccio\AppData\Local\Temp\ccXVDL4Z.ltrans1.ltrans.o
 *fill*         0x08001f48        0x8 
 .text.bmk10_execute.lto_priv.35
                0x08001f50       0x8c C:\Users\Ciccio\AppData\Local\Temp\ccXVDL4Z.ltrans1.ltrans.o
                0x08001f50                bmk10_execute.lto_priv.35
 *fill*         0x08001fdc        0x4 
 .text.bmk11_setup.lto_priv.33
                0x08001fe0       0x10 C:\Users\Ciccio\AppData\Local\Temp\ccXVDL4Z.ltrans1.ltrans.o
                0x08001fe0                bmk11_setup.lto_priv.33
 .text.bmk11_execute.lto_priv.34
                0x08001ff0       0x84 C:\Users\Ciccio\AppData\Local\Temp\ccXVDL4Z.ltrans1.ltrans.o
                0x08001ff0                bmk11_execute.lto_priv.34
 *fill*         0x08002074        0xc 
 .text.bmk12_setup.lto_priv.31
                0x08002080       0x10 C:\Users\Ciccio\AppData\Local\Temp\ccXVDL4Z.ltrans1.ltrans.o
                0x08002080                bmk12_setup.lto_priv.31
 .text.bmk12_execute.lto_priv.32
                0x08002090       0x84 C:\Users\Ciccio\AppData\Local\Temp\ccXVDL4Z.ltrans1.ltrans.o
                0x08002090                bmk12_execute.lto_priv.32
 *fill*         0x08002114        0xc 
 .text.evt3_setup.lto_priv.68
                0x08002120        0xc C:\Users\Ciccio\AppData\Local\Temp\ccXVDL4Z.ltrans2.ltrans.o
                0x08002120                evt3_setup.lto_priv.68
 *fill*         0x0800212c        0x4 
 .text.evt3_execute.lto_priv.69
                0x08002130       0xe8 C:\Users\Ciccio\AppData\Local\Temp\ccXVDL4Z.ltrans2.ltrans.o
                0x08002130                evt3_execute.lto_priv.69
 *fill*         0x08002218        0x8 
 .text.heap1_setup.lto_priv.66
                0x08002220       0x18 C:\Users\Ciccio\AppData\Local\Temp\ccXVDL4Z.ltrans2.ltrans.o
                0x08002220                heap1_setup.lto_priv.66
 *fill*         0x08002238        0x8 
 .text.heap1_execute.lto_priv.67
                0x08002240      0x2d4 C:\Users\Ciccio\AppData\Local\Temp\ccXVDL4Z.ltrans2.ltrans.o
                0x08002240                heap1_execute.lto_priv.67
 *fill*         0x08002514        0xc 
 .text.null_provider
                0x08002520        0xc C:\Users\Ciccio\AppData\Local\Temp\ccXVDL4Z.ltrans2.ltrans.o
 *fill*         0x0800252c        0x4 
 .text.pools1_setup.lto_priv.64
                0x08002530       0x14 C:\Users\Ciccio\AppData\Local\Temp\ccXVDL4Z.ltrans2.ltrans.o
                0x08002530                pools1_setup.lto_priv.64
 *fill*         0x08002544        0xc 
 .text.pools1_execute.lto_priv.65
                0x08002550      0x110 C:\Users\Ciccio\AppData\Local\Temp\ccXVDL4Z.ltrans2.ltrans.o
                0x08002550                pools1_execute.lto_priv.65
 .text.chThdGetSelfX.lto_priv.168
                0x08002660        0xc C:\Users\Ciccio\AppData\Local\Temp\ccXVDL4Z.ltrans2.ltrans.o
 *fill*         0x0800266c        0x4 
 .text.chThdGetPriorityX
                0x08002670       0x10 C:\Users\Ciccio\AppData\Local\Temp\ccXVDL4Z.ltrans2.ltrans.o
 .text.thread   0x08002680       0x18 C:\Users\Ciccio\AppData\Local\Temp\ccXVDL4Z.ltrans2.ltrans.o
 *fill*         0x08002698        0x8 
 .text.dyn1_setup.lto_priv.60
                0x080026a0       0x18 C:\Users\Ciccio\AppData\Local\Temp\ccXVDL4Z.ltrans2.ltrans.o
                0x080026a0                dyn1_setup.lto_priv.60
 *fill*         0x080026b8        0x8 
 .text.dyn1_execute.lto_priv.61
                0x080026c0      0x134 C:\Users\Ciccio\AppData\Local\Temp\ccXVDL4Z.ltrans2.ltrans.o
                0x080026c0                dyn1_execute.lto_priv.61
 *fill*         0x080027f4        0xc 
 .text.dyn2_setup.lto_priv.58
                0x08002800       0x14 C:\Users\Ciccio\AppData\Local\Temp\ccXVDL4Z.ltrans2.ltrans.o
                0x08002800                dyn2_setup.lto_priv.58
 *fill*         0x08002814        0xc 
 .text.dyn2_execute.lto_priv.59
                0x08002820      0x168 C:\Users\Ciccio\AppData\Local\Temp\ccXVDL4Z.ltrans2.ltrans.o
                0x08002820                dyn2_execute.lto_priv.59
 *fill*         0x08002988        0x8 
 .text.regfind  0x08002990       0x4c C:\Users\Ciccio\AppData\Local\Temp\ccXVDL4Z.ltrans2.ltrans.o
 *fill*         0x080029dc        0x4 
 .text.dyn3_setup.lto_priv.56
                0x080029e0       0x18 C:\Users\Ciccio\AppData\Local\Temp\ccXVDL4Z.ltrans2.ltrans.o
                0x080029e0                dyn3_setup.lto_priv.56
 *fill*         0x080029f8        0x8 
 .text.dyn3_execute.lto_priv.57
                0x08002a00      0x198 C:\Users\Ciccio\AppData\Local\Temp\ccXVDL4Z.ltrans2.ltrans.o
                0x08002a00                dyn3_execute.lto_priv.57
 *fill*         0x08002b98        0x8 
 .text.port_lock
                0x08002ba0       0x10 C:\Users\Ciccio\AppData\Local\Temp\ccXVDL4Z.ltrans2.ltrans.o
 .text.port_unlock
                0x08002bb0       0x10 C:\Users\Ciccio\AppData\Local\Temp\ccXVDL4Z.ltrans2.ltrans.o
 .text.chSysLock.lto_priv.155
                0x08002bc0       0x10 C:\Users\Ciccio\AppData\Local\Temp\ccXVDL4Z.ltrans2.ltrans.o
                0x08002bc0                chSysLock.lto_priv.155
 .text.chSysUnlock.lto_priv.152
                0x08002bd0       0x38 C:\Users\Ciccio\AppData\Local\Temp\ccXVDL4Z.ltrans2.ltrans.o
                0x08002bd0                chSysUnlock.lto_priv.152
 *fill*         0x08002c08        0x8 
 .text.chThdGetSelfX.lto_priv.169
                0x08002c10        0xc C:\Users\Ciccio\AppData\Local\Temp\ccXVDL4Z.ltrans2.ltrans.o
 *fill*         0x08002c1c        0x4 
 .text.chThdGetPriorityX.lto_priv.150
                0x08002c20       0x10 C:\Users\Ciccio\AppData\Local\Temp\ccXVDL4Z.ltrans2.ltrans.o
                0x08002c20                chThdGetPriorityX.lto_priv.150
 .text.chIQGetFullI
                0x08002c30       0x18 C:\Users\Ciccio\AppData\Local\Temp\ccXVDL4Z.ltrans2.ltrans.o
 *fill*         0x08002c48        0x8 
 .text.chIQIsEmptyI
                0x08002c50       0x20 C:\Users\Ciccio\AppData\Local\Temp\ccXVDL4Z.ltrans2.ltrans.o
 .text.chIQIsFullI
                0x08002c70       0x34 C:\Users\Ciccio\AppData\Local\Temp\ccXVDL4Z.ltrans2.ltrans.o
 *fill*         0x08002ca4        0xc 
 .text.chIQGet  0x08002cb0       0x1c C:\Users\Ciccio\AppData\Local\Temp\ccXVDL4Z.ltrans2.ltrans.o
 *fill*         0x08002ccc        0x4 
 .text.chOQGetFullI.lto_priv.164
                0x08002cd0       0x28 C:\Users\Ciccio\AppData\Local\Temp\ccXVDL4Z.ltrans2.ltrans.o
                0x08002cd0                chOQGetFullI.lto_priv.164
 *fill*         0x08002cf8        0x8 
 .text.chOQIsEmptyI.lto_priv.165
                0x08002d00       0x34 C:\Users\Ciccio\AppData\Local\Temp\ccXVDL4Z.ltrans2.ltrans.o
                0x08002d00                chOQIsEmptyI.lto_priv.165
 *fill*         0x08002d34        0xc 
 .text.chOQIsFullI.lto_priv.163
                0x08002d40       0x20 C:\Users\Ciccio\AppData\Local\Temp\ccXVDL4Z.ltrans2.ltrans.o
                0x08002d40                chOQIsFullI.lto_priv.163
 .text.chOQPut.lto_priv.166
                0x08002d60       0x28 C:\Users\Ciccio\AppData\Local\Temp\ccXVDL4Z.ltrans2.ltrans.o
                0x08002d60                chOQPut.lto_priv.166
 *fill*         0x08002d88        0x8 
 .text.notify.lto_priv.55
                0x08002d90        0x8 C:\Users\Ciccio\AppData\Local\Temp\ccXVDL4Z.ltrans2.ltrans.o
                0x08002d90                notify.lto_priv.55
 *fill*         0x08002d98        0x8 
 .text.queues1_setup.lto_priv.53
                0x08002da0       0x2c C:\Users\Ciccio\AppData\Local\Temp\ccXVDL4Z.ltrans2.ltrans.o
                0x08002da0                queues1_setup.lto_priv.53
 *fill*         0x08002dcc        0x4 
 .text.thread1  0x08002dd0       0x1c C:\Users\Ciccio\AppData\Local\Temp\ccXVDL4Z.ltrans2.ltrans.o
 *fill*         0x08002dec        0x4 
 .text.queues1_execute.lto_priv.54
                0x08002df0      0x2f0 C:\Users\Ciccio\AppData\Local\Temp\ccXVDL4Z.ltrans2.ltrans.o
                0x08002df0                queues1_execute.lto_priv.54
 .text.mbox1_setup.lto_priv.77
                0x080030e0       0x18 C:\Users\Ciccio\AppData\Local\Temp\ccXVDL4Z.ltrans3.ltrans.o
                0x080030e0                mbox1_setup.lto_priv.77
 *fill*         0x080030f8        0x8 
 .text.mbox1_execute.lto_priv.78
                0x08003100      0x81c C:\Users\Ciccio\AppData\Local\Temp\ccXVDL4Z.ltrans3.ltrans.o
                0x08003100                mbox1_execute.lto_priv.78
 *fill*         0x0800391c        0x4 
 .text.port_lock
                0x08003920       0x10 C:\Users\Ciccio\AppData\Local\Temp\ccXVDL4Z.ltrans3.ltrans.o
 .text.port_unlock
                0x08003930       0x10 C:\Users\Ciccio\AppData\Local\Temp\ccXVDL4Z.ltrans3.ltrans.o
 .text.st_lld_get_counter
                0x08003940        0xc C:\Users\Ciccio\AppData\Local\Temp\ccXVDL4Z.ltrans3.ltrans.o
 *fill*         0x0800394c        0x4 
 .text.port_timer_get_time
                0x08003950        0xc C:\Users\Ciccio\AppData\Local\Temp\ccXVDL4Z.ltrans3.ltrans.o
 *fill*         0x0800395c        0x4 
 .text.chSysLock.lto_priv.178
                0x08003960       0x10 C:\Users\Ciccio\AppData\Local\Temp\ccXVDL4Z.ltrans3.ltrans.o
 .text.chSysUnlock.lto_priv.176
                0x08003970       0x38 C:\Users\Ciccio\AppData\Local\Temp\ccXVDL4Z.ltrans3.ltrans.o
 *fill*         0x080039a8        0x8 
 .text.chVTGetSystemTimeX
                0x080039b0        0xc C:\Users\Ciccio\AppData\Local\Temp\ccXVDL4Z.ltrans3.ltrans.o
 *fill*         0x080039bc        0x4 
 .text.chVTGetSystemTime
                0x080039c0       0x1c C:\Users\Ciccio\AppData\Local\Temp\ccXVDL4Z.ltrans3.ltrans.o
 *fill*         0x080039dc        0x4 
 .text.chThdGetSelfX
                0x080039e0        0xc C:\Users\Ciccio\AppData\Local\Temp\ccXVDL4Z.ltrans3.ltrans.o
 *fill*         0x080039ec        0x4 
 .text.chThdGetPriorityX
                0x080039f0       0x10 C:\Users\Ciccio\AppData\Local\Temp\ccXVDL4Z.ltrans3.ltrans.o
 .text.chEvtObjectInit
                0x08003a00       0x10 C:\Users\Ciccio\AppData\Local\Temp\ccXVDL4Z.ltrans3.ltrans.o
 .text.chEvtRegisterMask
                0x08003a10       0x20 C:\Users\Ciccio\AppData\Local\Temp\ccXVDL4Z.ltrans3.ltrans.o
 .text.chEvtIsListeningI
                0x08003a30       0x1c C:\Users\Ciccio\AppData\Local\Temp\ccXVDL4Z.ltrans3.ltrans.o
 *fill*         0x08003a4c        0x4 
 .text.chEvtBroadcast
                0x08003a50       0x14 C:\Users\Ciccio\AppData\Local\Temp\ccXVDL4Z.ltrans3.ltrans.o
 *fill*         0x08003a64        0xc 
 .text.evt1_setup.lto_priv.72
                0x08003a70        0xc C:\Users\Ciccio\AppData\Local\Temp\ccXVDL4Z.ltrans3.ltrans.o
                0x08003a70                evt1_setup.lto_priv.72
 *fill*         0x08003a7c        0x4 
 .text.h1.lto_priv.74
                0x08003a80       0x14 C:\Users\Ciccio\AppData\Local\Temp\ccXVDL4Z.ltrans3.ltrans.o
                0x08003a80                h1.lto_priv.74
 *fill*         0x08003a94        0xc 
 .text.h2.lto_priv.75
                0x08003aa0       0x14 C:\Users\Ciccio\AppData\Local\Temp\ccXVDL4Z.ltrans3.ltrans.o
                0x08003aa0                h2.lto_priv.75
 *fill*         0x08003ab4        0xc 
 .text.h3.lto_priv.76
                0x08003ac0       0x14 C:\Users\Ciccio\AppData\Local\Temp\ccXVDL4Z.ltrans3.ltrans.o
                0x08003ac0                h3.lto_priv.76
 *fill*         0x08003ad4        0xc 
 .text.evt1_execute.lto_priv.73
                0x08003ae0       0xb4 C:\Users\Ciccio\AppData\Local\Temp\ccXVDL4Z.ltrans3.ltrans.o
                0x08003ae0                evt1_execute.lto_priv.73
 *fill*         0x08003b94        0xc 
 .text.evt2_setup.lto_priv.70
                0x08003ba0        0xc C:\Users\Ciccio\AppData\Local\Temp\ccXVDL4Z.ltrans3.ltrans.o
                0x08003ba0                evt2_setup.lto_priv.70
 *fill*         0x08003bac        0x4 
 .text.thread1  0x08003bb0       0x1c C:\Users\Ciccio\AppData\Local\Temp\ccXVDL4Z.ltrans3.ltrans.o
 *fill*         0x08003bcc        0x4 
 .text.thread2  0x08003bd0       0x28 C:\Users\Ciccio\AppData\Local\Temp\ccXVDL4Z.ltrans3.ltrans.o
 *fill*         0x08003bf8        0x8 
 .text.evt2_execute.lto_priv.71
                0x08003c00      0x354 C:\Users\Ciccio\AppData\Local\Temp\ccXVDL4Z.ltrans3.ltrans.o
                0x08003c00                evt2_execute.lto_priv.71
 *fill*         0x08003f54        0xc 
 .text.sem1_execute.lto_priv.98
                0x08003f60      0x174 C:\Users\Ciccio\AppData\Local\Temp\ccXVDL4Z.ltrans4.ltrans.o
                0x08003f60                sem1_execute.lto_priv.98
 *fill*         0x080040d4        0xc 
 .text.sem2_setup.lto_priv.95
                0x080040e0       0x10 C:\Users\Ciccio\AppData\Local\Temp\ccXVDL4Z.ltrans4.ltrans.o
                0x080040e0                sem2_setup.lto_priv.95
 .text.thread2  0x080040f0       0x2c C:\Users\Ciccio\AppData\Local\Temp\ccXVDL4Z.ltrans4.ltrans.o
 *fill*         0x0800411c        0x4 
 .text.sem2_execute.lto_priv.96
                0x08004120      0x1a0 C:\Users\Ciccio\AppData\Local\Temp\ccXVDL4Z.ltrans4.ltrans.o
                0x08004120                sem2_execute.lto_priv.96
 .text.sem3_setup.lto_priv.93
                0x080042c0       0x10 C:\Users\Ciccio\AppData\Local\Temp\ccXVDL4Z.ltrans4.ltrans.o
                0x080042c0                sem3_setup.lto_priv.93
 .text.thread3  0x080042d0       0x1c C:\Users\Ciccio\AppData\Local\Temp\ccXVDL4Z.ltrans4.ltrans.o
 *fill*         0x080042ec        0x4 
 .text.sem3_execute.lto_priv.94
                0x080042f0       0xa8 C:\Users\Ciccio\AppData\Local\Temp\ccXVDL4Z.ltrans4.ltrans.o
                0x080042f0                sem3_execute.lto_priv.94
 *fill*         0x08004398        0x8 
 .text.thread4  0x080043a0       0x14 C:\Users\Ciccio\AppData\Local\Temp\ccXVDL4Z.ltrans4.ltrans.o
 *fill*         0x080043b4        0xc 
 .text.sem4_execute.lto_priv.92
                0x080043c0      0x19c C:\Users\Ciccio\AppData\Local\Temp\ccXVDL4Z.ltrans4.ltrans.o
                0x080043c0                sem4_execute.lto_priv.92
 *fill*         0x0800455c        0x4 
 .text.port_lock.lto_priv.186
                0x08004560       0x10 C:\Users\Ciccio\AppData\Local\Temp\ccXVDL4Z.ltrans4.ltrans.o
 .text.port_unlock.lto_priv.184
                0x08004570       0x10 C:\Users\Ciccio\AppData\Local\Temp\ccXVDL4Z.ltrans4.ltrans.o
 .text.queue_isempty.lto_priv.203
                0x08004580       0x1c C:\Users\Ciccio\AppData\Local\Temp\ccXVDL4Z.ltrans4.ltrans.o
 *fill*         0x0800459c        0x4 
 .text.chSysLock.lto_priv.201
                0x080045a0       0x10 C:\Users\Ciccio\AppData\Local\Temp\ccXVDL4Z.ltrans4.ltrans.o
 .text.chSysUnlock.lto_priv.199
                0x080045b0       0x38 C:\Users\Ciccio\AppData\Local\Temp\ccXVDL4Z.ltrans4.ltrans.o
 *fill*         0x080045e8        0x8 
 .text.chThdGetSelfX.lto_priv.191
                0x080045f0        0xc C:\Users\Ciccio\AppData\Local\Temp\ccXVDL4Z.ltrans4.ltrans.o
 *fill*         0x080045fc        0x4 
 .text.chThdGetPriorityX.lto_priv.189
                0x08004600       0x10 C:\Users\Ciccio\AppData\Local\Temp\ccXVDL4Z.ltrans4.ltrans.o
 .text.mtx1_setup.lto_priv.90
                0x08004610       0x10 C:\Users\Ciccio\AppData\Local\Temp\ccXVDL4Z.ltrans4.ltrans.o
                0x08004610                mtx1_setup.lto_priv.90
 .text.thread1.lto_priv.197
                0x08004620       0x28 C:\Users\Ciccio\AppData\Local\Temp\ccXVDL4Z.ltrans4.ltrans.o
 *fill*         0x08004648        0x8 
 .text.mtx1_execute.lto_priv.91
                0x08004650      0x108 C:\Users\Ciccio\AppData\Local\Temp\ccXVDL4Z.ltrans4.ltrans.o
                0x08004650                mtx1_execute.lto_priv.91
 *fill*         0x08004758        0x8 
 .text.mtx4_setup.lto_priv.88
                0x08004760       0x18 C:\Users\Ciccio\AppData\Local\Temp\ccXVDL4Z.ltrans4.ltrans.o
                0x08004760                mtx4_setup.lto_priv.88
 *fill*         0x08004778        0x8 
 .text.thread4a
                0x08004780       0x24 C:\Users\Ciccio\AppData\Local\Temp\ccXVDL4Z.ltrans4.ltrans.o
 *fill*         0x080047a4        0xc 
 .text.thread4b
                0x080047b0       0x24 C:\Users\Ciccio\AppData\Local\Temp\ccXVDL4Z.ltrans4.ltrans.o
 *fill*         0x080047d4        0xc 
 .text.mtx4_execute.lto_priv.89
                0x080047e0      0x2f4 C:\Users\Ciccio\AppData\Local\Temp\ccXVDL4Z.ltrans4.ltrans.o
                0x080047e0                mtx4_execute.lto_priv.89
 *fill*         0x08004ad4        0xc 
 .text.mtx5_setup.lto_priv.86
                0x08004ae0       0x10 C:\Users\Ciccio\AppData\Local\Temp\ccXVDL4Z.ltrans4.ltrans.o
                0x08004ae0                mtx5_setup.lto_priv.86
 .text.mtx5_execute.lto_priv.87
                0x08004af0       0xfc C:\Users\Ciccio\AppData\Local\Temp\ccXVDL4Z.ltrans4.ltrans.o
                0x08004af0                mtx5_execute.lto_priv.87
 *fill*         0x08004bec        0x4 
 .text.mtx6_setup.lto_priv.84
                0x08004bf0       0x18 C:\Users\Ciccio\AppData\Local\Temp\ccXVDL4Z.ltrans4.ltrans.o
                0x08004bf0                mtx6_setup.lto_priv.84
 *fill*         0x08004c08        0x8 
 .text.thread10
                0x08004c10       0x30 C:\Users\Ciccio\AppData\Local\Temp\ccXVDL4Z.ltrans4.ltrans.o
 .text.mtx6_execute.lto_priv.85
                0x08004c40      0x104 C:\Users\Ciccio\AppData\Local\Temp\ccXVDL4Z.ltrans4.ltrans.o
                0x08004c40                mtx6_execute.lto_priv.85
 *fill*         0x08004d44        0xc 
 .text.mtx7_setup.lto_priv.82
                0x08004d50       0x18 C:\Users\Ciccio\AppData\Local\Temp\ccXVDL4Z.ltrans4.ltrans.o
                0x08004d50                mtx7_setup.lto_priv.82
 *fill*         0x08004d68        0x8 
 .text.mtx7_execute.lto_priv.83
                0x08004d70       0xe0 C:\Users\Ciccio\AppData\Local\Temp\ccXVDL4Z.ltrans4.ltrans.o
                0x08004d70                mtx7_execute.lto_priv.83
 .text.mtx8_setup.lto_priv.80
                0x08004e50       0x24 C:\Users\Ciccio\AppData\Local\Temp\ccXVDL4Z.ltrans4.ltrans.o
                0x08004e50                mtx8_setup.lto_priv.80
 *fill*         0x08004e74        0xc 
 .text.thread11
                0x08004e80       0x44 C:\Users\Ciccio\AppData\Local\Temp\ccXVDL4Z.ltrans4.ltrans.o
 *fill*         0x08004ec4        0xc 
 .text.thread12
                0x08004ed0       0x28 C:\Users\Ciccio\AppData\Local\Temp\ccXVDL4Z.ltrans4.ltrans.o
 *fill*         0x08004ef8        0x8 
 .text.mtx8_execute.lto_priv.81
                0x08004f00       0xac C:\Users\Ciccio\AppData\Local\Temp\ccXVDL4Z.ltrans4.ltrans.o
                0x08004f00                mtx8_execute.lto_priv.81
 *fill*         0x08004fac        0x4 
 .text.chThdGetSelfX.lto_priv.192
                0x08004fb0        0xc C:\Users\Ciccio\AppData\Local\Temp\ccXVDL4Z.ltrans4.ltrans.o
 *fill*         0x08004fbc        0x4 
 .text.chThdGetPriorityX.lto_priv.190
                0x08004fc0       0x10 C:\Users\Ciccio\AppData\Local\Temp\ccXVDL4Z.ltrans4.ltrans.o
 .text.chMsgGet
                0x08004fd0       0x10 C:\Users\Ciccio\AppData\Local\Temp\ccXVDL4Z.ltrans4.ltrans.o
 .text.thread   0x08004fe0       0x24 C:\Users\Ciccio\AppData\Local\Temp\ccXVDL4Z.ltrans4.ltrans.o
 *fill*         0x08005004        0xc 
 .text.msg1_execute.lto_priv.79
                0x08005010       0xa8 C:\Users\Ciccio\AppData\Local\Temp\ccXVDL4Z.ltrans4.ltrans.o
                0x08005010                msg1_execute.lto_priv.79
 *fill*         0x080050b8        0x8 
 .text.port_lock.lto_priv.187
                0x080050c0       0x10 C:\Users\Ciccio\AppData\Local\Temp\ccXVDL4Z.ltrans4.ltrans.o
 .text.port_unlock.lto_priv.185
                0x080050d0       0x10 C:\Users\Ciccio\AppData\Local\Temp\ccXVDL4Z.ltrans4.ltrans.o
 .text.chSysLock.lto_priv.177
                0x080050e0       0x10 C:\Users\Ciccio\AppData\Local\Temp\ccXVDL4Z.ltrans4.ltrans.o
                0x080050e0                chSysLock.lto_priv.177
 .text.chSysUnlock.lto_priv.175
                0x080050f0       0x38 C:\Users\Ciccio\AppData\Local\Temp\ccXVDL4Z.ltrans4.ltrans.o
                0x080050f0                chSysUnlock.lto_priv.175
 *fill*         0x08005128        0x8 
 .text.chSemGetCounterI.lto_priv.183
                0x08005130       0x18 C:\Users\Ciccio\AppData\Local\Temp\ccXVDL4Z.ltrans4.ltrans.o
 *fill*         0x08005148        0x8 
 .text.chMBGetFreeCountI.lto_priv.181
                0x08005150       0x20 C:\Users\Ciccio\AppData\Local\Temp\ccXVDL4Z.ltrans4.ltrans.o
                0x08005150                chMBGetFreeCountI.lto_priv.181
 .text.chMBGetUsedCountI.lto_priv.180
                0x08005170       0x20 C:\Users\Ciccio\AppData\Local\Temp\ccXVDL4Z.ltrans4.ltrans.o
                0x08005170                chMBGetUsedCountI.lto_priv.180
 .text.serve_interrupt
                0x08005190      0x13c C:\Users\Ciccio\AppData\Local\Temp\ccXVDL4Z.ltrans5.ltrans.o
 *fill*         0x080052cc        0x4 
 .text.notify2  0x080052d0       0x18 C:\Users\Ciccio\AppData\Local\Temp\ccXVDL4Z.ltrans5.ltrans.o
 *fill*         0x080052e8        0x8 
 .text.VectorD8
                0x080052f0       0x20 C:\Users\Ciccio\AppData\Local\Temp\ccXVDL4Z.ltrans5.ltrans.o
                0x080052f0                VectorD8
 .text.sd_lld_init
                0x08005310       0x20 C:\Users\Ciccio\AppData\Local\Temp\ccXVDL4Z.ltrans5.ltrans.o
                0x08005310                sd_lld_init
 .text.sd_lld_start
                0x08005330       0x50 C:\Users\Ciccio\AppData\Local\Temp\ccXVDL4Z.ltrans5.ltrans.o
                0x08005330                sd_lld_start
 .text.__early_init
                0x08005380        0x8 C:\Users\Ciccio\AppData\Local\Temp\ccXVDL4Z.ltrans5.ltrans.o
                0x08005380                __early_init
 *fill*         0x08005388        0x8 
 .text.boardInit
                0x08005390        0x4 C:\Users\Ciccio\AppData\Local\Temp\ccXVDL4Z.ltrans5.ltrans.o
                0x08005390                boardInit
 *fill*         0x08005394        0xc 
 .text.port_lock.lto_priv.224
                0x080053a0       0x10 C:\Users\Ciccio\AppData\Local\Temp\ccXVDL4Z.ltrans5.ltrans.o
 .text.port_unlock.lto_priv.221
                0x080053b0       0x10 C:\Users\Ciccio\AppData\Local\Temp\ccXVDL4Z.ltrans5.ltrans.o
 .text.st_lld_get_counter.lto_priv.218
                0x080053c0        0xc C:\Users\Ciccio\AppData\Local\Temp\ccXVDL4Z.ltrans5.ltrans.o
 *fill*         0x080053cc        0x4 
 .text.port_timer_get_time.lto_priv.215
                0x080053d0        0xc C:\Users\Ciccio\AppData\Local\Temp\ccXVDL4Z.ltrans5.ltrans.o
 *fill*         0x080053dc        0x4 
 .text.chSysLock.lto_priv.231
                0x080053e0       0x10 C:\Users\Ciccio\AppData\Local\Temp\ccXVDL4Z.ltrans5.ltrans.o
 .text.chSysUnlock.lto_priv.229
                0x080053f0       0x38 C:\Users\Ciccio\AppData\Local\Temp\ccXVDL4Z.ltrans5.ltrans.o
 *fill*         0x08005428        0x8 
 .text.chVTGetSystemTimeX.lto_priv.212
                0x08005430        0xc C:\Users\Ciccio\AppData\Local\Temp\ccXVDL4Z.ltrans5.ltrans.o
 *fill*         0x0800543c        0x4 
 .text.chVTGetSystemTime.lto_priv.227
                0x08005440       0x1c C:\Users\Ciccio\AppData\Local\Temp\ccXVDL4Z.ltrans5.ltrans.o
 *fill*         0x0800545c        0x4 
 .text.chVTIsTimeWithinX
                0x08005460       0x24 C:\Users\Ciccio\AppData\Local\Temp\ccXVDL4Z.ltrans5.ltrans.o
 *fill*         0x08005484        0xc 
 .text.chVTIsSystemTimeWithin
                0x08005490       0x24 C:\Users\Ciccio\AppData\Local\Temp\ccXVDL4Z.ltrans5.ltrans.o
 *fill*         0x080054b4        0xc 
 .text.chVTIsArmedI
                0x080054c0       0x20 C:\Users\Ciccio\AppData\Local\Temp\ccXVDL4Z.ltrans5.ltrans.o
 .text.chVTResetI
                0x080054e0       0x20 C:\Users\Ciccio\AppData\Local\Temp\ccXVDL4Z.ltrans5.ltrans.o
 .text.chVTSetI
                0x08005500       0x24 C:\Users\Ciccio\AppData\Local\Temp\ccXVDL4Z.ltrans5.ltrans.o
 *fill*         0x08005524        0xc 
 .text.chVTSet  0x08005530       0x28 C:\Users\Ciccio\AppData\Local\Temp\ccXVDL4Z.ltrans5.ltrans.o
 *fill*         0x08005558        0x8 
 .text.test_printn
                0x08005560       0x90 C:\Users\Ciccio\AppData\Local\Temp\ccXVDL4Z.ltrans5.ltrans.o
                0x08005560                test_printn
 .text.test_print
                0x080055f0       0x34 C:\Users\Ciccio\AppData\Local\Temp\ccXVDL4Z.ltrans5.ltrans.o
                0x080055f0                test_print
 *fill*         0x08005624        0xc 
 .text.test_println
                0x08005630       0x30 C:\Users\Ciccio\AppData\Local\Temp\ccXVDL4Z.ltrans5.ltrans.o
                0x08005630                test_println
 .text.clear_tokens
                0x08005660       0x10 C:\Users\Ciccio\AppData\Local\Temp\ccXVDL4Z.ltrans5.ltrans.o
 .text.print_tokens
                0x08005670       0x40 C:\Users\Ciccio\AppData\Local\Temp\ccXVDL4Z.ltrans5.ltrans.o
 .text.test_emit_token
                0x080056b0       0x2c C:\Users\Ciccio\AppData\Local\Temp\ccXVDL4Z.ltrans5.ltrans.o
                0x080056b0                test_emit_token
 *fill*         0x080056dc        0x4 
 .text._test_fail
                0x080056e0       0x2c C:\Users\Ciccio\AppData\Local\Temp\ccXVDL4Z.ltrans5.ltrans.o
 *fill*         0x0800570c        0x4 
 .text._test_assert
                0x08005710       0x30 C:\Users\Ciccio\AppData\Local\Temp\ccXVDL4Z.ltrans5.ltrans.o
                0x08005710                _test_assert
 .text._test_assert_sequence
                0x08005740       0x60 C:\Users\Ciccio\AppData\Local\Temp\ccXVDL4Z.ltrans5.ltrans.o
                0x08005740                _test_assert_sequence
 .text._test_assert_time_window
                0x080057a0       0x28 C:\Users\Ciccio\AppData\Local\Temp\ccXVDL4Z.ltrans5.ltrans.o
                0x080057a0                _test_assert_time_window
 *fill*         0x080057c8        0x8 
 .text.test_terminate_threads
                0x080057d0       0x3c C:\Users\Ciccio\AppData\Local\Temp\ccXVDL4Z.ltrans5.ltrans.o
                0x080057d0                test_terminate_threads
 *fill*         0x0800580c        0x4 
 .text.test_wait_threads
                0x08005810       0x44 C:\Users\Ciccio\AppData\Local\Temp\ccXVDL4Z.ltrans5.ltrans.o
                0x08005810                test_wait_threads
 *fill*         0x08005854        0xc 
 .text.test_wait_tick
                0x08005860       0x14 C:\Users\Ciccio\AppData\Local\Temp\ccXVDL4Z.ltrans5.ltrans.o
                0x08005860                test_wait_tick
 *fill*         0x08005874        0xc 
 .text.tmr      0x08005880       0x14 C:\Users\Ciccio\AppData\Local\Temp\ccXVDL4Z.ltrans5.ltrans.o
 *fill*         0x08005894        0xc 
 .text.test_start_timer
                0x080058a0       0x48 C:\Users\Ciccio\AppData\Local\Temp\ccXVDL4Z.ltrans5.ltrans.o
                0x080058a0                test_start_timer
 *fill*         0x080058e8        0x8 
 .text.execute_test
                0x080058f0       0x60 C:\Users\Ciccio\AppData\Local\Temp\ccXVDL4Z.ltrans5.ltrans.o
 .text.print_line
                0x08005950       0x4c C:\Users\Ciccio\AppData\Local\Temp\ccXVDL4Z.ltrans5.ltrans.o
 *fill*         0x0800599c        0x4 
 .text.TestThread
                0x080059a0      0x210 C:\Users\Ciccio\AppData\Local\Temp\ccXVDL4Z.ltrans5.ltrans.o
                0x080059a0                TestThread
 .text.port_lock.lto_priv.225
                0x08005bb0       0x10 C:\Users\Ciccio\AppData\Local\Temp\ccXVDL4Z.ltrans5.ltrans.o
 .text.port_unlock.lto_priv.222
                0x08005bc0       0x10 C:\Users\Ciccio\AppData\Local\Temp\ccXVDL4Z.ltrans5.ltrans.o
 .text.st_lld_get_counter.lto_priv.219
                0x08005bd0        0xc C:\Users\Ciccio\AppData\Local\Temp\ccXVDL4Z.ltrans5.ltrans.o
 *fill*         0x08005bdc        0x4 
 .text.port_timer_get_time.lto_priv.216
                0x08005be0        0xc C:\Users\Ciccio\AppData\Local\Temp\ccXVDL4Z.ltrans5.ltrans.o
 *fill*         0x08005bec        0x4 
 .text.chSysLock.lto_priv.232
                0x08005bf0       0x10 C:\Users\Ciccio\AppData\Local\Temp\ccXVDL4Z.ltrans5.ltrans.o
 .text.chSysUnlock.lto_priv.230
                0x08005c00       0x38 C:\Users\Ciccio\AppData\Local\Temp\ccXVDL4Z.ltrans5.ltrans.o
 *fill*         0x08005c38        0x8 
 .text.chVTGetSystemTimeX.lto_priv.213
                0x08005c40        0xc C:\Users\Ciccio\AppData\Local\Temp\ccXVDL4Z.ltrans5.ltrans.o
 *fill*         0x08005c4c        0x4 
 .text.chVTGetSystemTime.lto_priv.228
                0x08005c50       0x1c C:\Users\Ciccio\AppData\Local\Temp\ccXVDL4Z.ltrans5.ltrans.o
 *fill*         0x08005c6c        0x4 
 .text.chThdGetSelfX.lto_priv.210
                0x08005c70        0xc C:\Users\Ciccio\AppData\Local\Temp\ccXVDL4Z.ltrans5.ltrans.o
 *fill*         0x08005c7c        0x4 
 .text.chThdGetPriorityX
                0x08005c80       0x10 C:\Users\Ciccio\AppData\Local\Temp\ccXVDL4Z.ltrans5.ltrans.o
 .text.thread   0x08005c90       0x18 C:\Users\Ciccio\AppData\Local\Temp\ccXVDL4Z.ltrans5.ltrans.o
 *fill*         0x08005ca8        0x8 
 .text.thd1_execute.lto_priv.102
                0x08005cb0       0xe4 C:\Users\Ciccio\AppData\Local\Temp\ccXVDL4Z.ltrans5.ltrans.o
                0x08005cb0                thd1_execute.lto_priv.102
 *fill*         0x08005d94        0xc 
 .text.thd2_execute.lto_priv.101
                0x08005da0       0xf4 C:\Users\Ciccio\AppData\Local\Temp\ccXVDL4Z.ltrans5.ltrans.o
                0x08005da0                thd2_execute.lto_priv.101
 *fill*         0x08005e94        0xc 
 .text.thd3_execute.lto_priv.100
                0x08005ea0      0x1dc C:\Users\Ciccio\AppData\Local\Temp\ccXVDL4Z.ltrans5.ltrans.o
                0x08005ea0                thd3_execute.lto_priv.100
 *fill*         0x0800607c        0x4 
 .text.thd4_execute.lto_priv.99
                0x08006080       0xb0 C:\Users\Ciccio\AppData\Local\Temp\ccXVDL4Z.ltrans5.ltrans.o
                0x08006080                thd4_execute.lto_priv.99
 .text.port_lock.lto_priv.226
                0x08006130       0x10 C:\Users\Ciccio\AppData\Local\Temp\ccXVDL4Z.ltrans5.ltrans.o
 .text.port_unlock.lto_priv.223
                0x08006140       0x10 C:\Users\Ciccio\AppData\Local\Temp\ccXVDL4Z.ltrans5.ltrans.o
 .text.st_lld_get_counter.lto_priv.220
                0x08006150        0xc C:\Users\Ciccio\AppData\Local\Temp\ccXVDL4Z.ltrans5.ltrans.o
 *fill*         0x0800615c        0x4 
 .text.port_timer_get_time.lto_priv.217
                0x08006160        0xc C:\Users\Ciccio\AppData\Local\Temp\ccXVDL4Z.ltrans5.ltrans.o
 *fill*         0x0800616c        0x4 
 .text.queue_isempty.lto_priv.202
                0x08006170       0x1c C:\Users\Ciccio\AppData\Local\Temp\ccXVDL4Z.ltrans5.ltrans.o
                0x08006170                queue_isempty.lto_priv.202
 *fill*         0x0800618c        0x4 
 .text.chSysLock.lto_priv.200
                0x08006190       0x10 C:\Users\Ciccio\AppData\Local\Temp\ccXVDL4Z.ltrans5.ltrans.o
                0x08006190                chSysLock.lto_priv.200
 .text.chSysUnlock.lto_priv.198
                0x080061a0       0x38 C:\Users\Ciccio\AppData\Local\Temp\ccXVDL4Z.ltrans5.ltrans.o
                0x080061a0                chSysUnlock.lto_priv.198
 *fill*         0x080061d8        0x8 
 .text.chVTGetSystemTimeX.lto_priv.214
                0x080061e0        0xc C:\Users\Ciccio\AppData\Local\Temp\ccXVDL4Z.ltrans5.ltrans.o
 *fill*         0x080061ec        0x4 
 .text.chVTGetSystemTime.lto_priv.209
                0x080061f0       0x1c C:\Users\Ciccio\AppData\Local\Temp\ccXVDL4Z.ltrans5.ltrans.o
                0x080061f0                chVTGetSystemTime.lto_priv.209
 *fill*         0x0800620c        0x4 
 .text.chThdGetSelfX.lto_priv.211
                0x08006210        0xc C:\Users\Ciccio\AppData\Local\Temp\ccXVDL4Z.ltrans5.ltrans.o
 *fill*         0x0800621c        0x4 
 .text.chThdGetPriorityX.lto_priv.188
                0x08006220       0x10 C:\Users\Ciccio\AppData\Local\Temp\ccXVDL4Z.ltrans5.ltrans.o
                0x08006220                chThdGetPriorityX.lto_priv.188
 .text.chSemGetCounterI.lto_priv.182
                0x08006230       0x18 C:\Users\Ciccio\AppData\Local\Temp\ccXVDL4Z.ltrans5.ltrans.o
                0x08006230                chSemGetCounterI.lto_priv.182
 *fill*         0x08006248        0x8 
 .text.chBSemObjectInit.lto_priv.208
                0x08006250       0x2c C:\Users\Ciccio\AppData\Local\Temp\ccXVDL4Z.ltrans5.ltrans.o
                0x08006250                chBSemObjectInit.lto_priv.208
 *fill*         0x0800627c        0x4 
 .text.chBSemWait.lto_priv.206
                0x08006280       0x18 C:\Users\Ciccio\AppData\Local\Temp\ccXVDL4Z.ltrans5.ltrans.o
                0x08006280                chBSemWait.lto_priv.206
 *fill*         0x08006298        0x8 
 .text.chBSemReset.lto_priv.207
                0x080062a0       0x2c C:\Users\Ciccio\AppData\Local\Temp\ccXVDL4Z.ltrans5.ltrans.o
                0x080062a0                chBSemReset.lto_priv.207
 *fill*         0x080062cc        0x4 
 .text.chBSemSignalI
                0x080062d0       0x20 C:\Users\Ciccio\AppData\Local\Temp\ccXVDL4Z.ltrans5.ltrans.o
 .text.chBSemSignal.lto_priv.205
                0x080062f0       0x20 C:\Users\Ciccio\AppData\Local\Temp\ccXVDL4Z.ltrans5.ltrans.o
                0x080062f0                chBSemSignal.lto_priv.205
 .text.chBSemGetStateI.lto_priv.204
                0x08006310       0x20 C:\Users\Ciccio\AppData\Local\Temp\ccXVDL4Z.ltrans5.ltrans.o
                0x08006310                chBSemGetStateI.lto_priv.204
 .text.sem1_setup.lto_priv.97
                0x08006330       0x10 C:\Users\Ciccio\AppData\Local\Temp\ccXVDL4Z.ltrans5.ltrans.o
                0x08006330                sem1_setup.lto_priv.97
 .text.thread1.lto_priv.196
                0x08006340       0x20 C:\Users\Ciccio\AppData\Local\Temp\ccXVDL4Z.ltrans5.ltrans.o
                0x08006340                thread1.lto_priv.196
 .text.chSysLockFromISR.lto_priv.251
                0x08006360       0x10 C:\Users\Ciccio\AppData\Local\Temp\ccXVDL4Z.ltrans6.ltrans.o
 .text.chSysUnlockFromISR.lto_priv.248
                0x08006370       0x10 C:\Users\Ciccio\AppData\Local\Temp\ccXVDL4Z.ltrans6.ltrans.o
 .text.osalSysLockFromISR.lto_priv.268
                0x08006380        0x8 C:\Users\Ciccio\AppData\Local\Temp\ccXVDL4Z.ltrans6.ltrans.o
 *fill*         0x08006388        0x8 
 .text.osalSysUnlockFromISR.lto_priv.266
                0x08006390        0x8 C:\Users\Ciccio\AppData\Local\Temp\ccXVDL4Z.ltrans6.ltrans.o
 *fill*         0x08006398        0x8 
 .text.osalOsTimerHandlerI
                0x080063a0        0x8 C:\Users\Ciccio\AppData\Local\Temp\ccXVDL4Z.ltrans6.ltrans.o
 *fill*         0x080063a8        0x8 
 .text.VectorB0
                0x080063b0       0x38 C:\Users\Ciccio\AppData\Local\Temp\ccXVDL4Z.ltrans6.ltrans.o
                0x080063b0                VectorB0
 *fill*         0x080063e8        0x8 
 .text.st_lld_init
                0x080063f0       0x70 C:\Users\Ciccio\AppData\Local\Temp\ccXVDL4Z.ltrans6.ltrans.o
                0x080063f0                st_lld_init
 .text.initgpio
                0x08006460       0x44 C:\Users\Ciccio\AppData\Local\Temp\ccXVDL4Z.ltrans6.ltrans.o
 *fill*         0x080064a4        0xc 
 .text._pal_lld_init
                0x080064b0       0x88 C:\Users\Ciccio\AppData\Local\Temp\ccXVDL4Z.ltrans6.ltrans.o
                0x080064b0                _pal_lld_init
 *fill*         0x08006538        0x8 
 .text._pal_lld_setgroupmode
                0x08006540      0x168 C:\Users\Ciccio\AppData\Local\Temp\ccXVDL4Z.ltrans6.ltrans.o
                0x08006540                _pal_lld_setgroupmode
 *fill*         0x080066a8        0x8 
 .text.port_lock.lto_priv.262
                0x080066b0       0x10 C:\Users\Ciccio\AppData\Local\Temp\ccXVDL4Z.ltrans6.ltrans.o
 .text.port_unlock.lto_priv.260
                0x080066c0       0x10 C:\Users\Ciccio\AppData\Local\Temp\ccXVDL4Z.ltrans6.ltrans.o
 .text.port_lock_from_isr.lto_priv.258
                0x080066d0        0x8 C:\Users\Ciccio\AppData\Local\Temp\ccXVDL4Z.ltrans6.ltrans.o
 *fill*         0x080066d8        0x8 
 .text.port_unlock_from_isr.lto_priv.255
                0x080066e0        0x8 C:\Users\Ciccio\AppData\Local\Temp\ccXVDL4Z.ltrans6.ltrans.o
 *fill*         0x080066e8        0x8 
 .text.st_lld_get_counter
                0x080066f0        0xc C:\Users\Ciccio\AppData\Local\Temp\ccXVDL4Z.ltrans6.ltrans.o
 *fill*         0x080066fc        0x4 
 .text.port_timer_get_time
                0x08006700        0xc C:\Users\Ciccio\AppData\Local\Temp\ccXVDL4Z.ltrans6.ltrans.o
 *fill*         0x0800670c        0x4 
 .text.chSysLock
                0x08006710       0x10 C:\Users\Ciccio\AppData\Local\Temp\ccXVDL4Z.ltrans6.ltrans.o
 .text.chSysUnlock
                0x08006720       0x38 C:\Users\Ciccio\AppData\Local\Temp\ccXVDL4Z.ltrans6.ltrans.o
 *fill*         0x08006758        0x8 
 .text.chSysLockFromISR.lto_priv.252
                0x08006760       0x10 C:\Users\Ciccio\AppData\Local\Temp\ccXVDL4Z.ltrans6.ltrans.o
 .text.chSysUnlockFromISR.lto_priv.249
                0x08006770       0x10 C:\Users\Ciccio\AppData\Local\Temp\ccXVDL4Z.ltrans6.ltrans.o
 .text.chVTGetSystemTimeX
                0x08006780        0xc C:\Users\Ciccio\AppData\Local\Temp\ccXVDL4Z.ltrans6.ltrans.o
 *fill*         0x0800678c        0x4 
 .text.chVTIsTimeWithinX
                0x08006790       0x24 C:\Users\Ciccio\AppData\Local\Temp\ccXVDL4Z.ltrans6.ltrans.o
 *fill*         0x080067b4        0xc 
 .text.osalSysHalt
                0x080067c0       0x14 C:\Users\Ciccio\AppData\Local\Temp\ccXVDL4Z.ltrans6.ltrans.o
 *fill*         0x080067d4        0xc 
 .text.osalSysLock
                0x080067e0        0x8 C:\Users\Ciccio\AppData\Local\Temp\ccXVDL4Z.ltrans6.ltrans.o
 *fill*         0x080067e8        0x8 
 .text.osalSysUnlock
                0x080067f0        0x8 C:\Users\Ciccio\AppData\Local\Temp\ccXVDL4Z.ltrans6.ltrans.o
 *fill*         0x080067f8        0x8 
 .text.osalSysLockFromISR.lto_priv.269
                0x08006800        0x8 C:\Users\Ciccio\AppData\Local\Temp\ccXVDL4Z.ltrans6.ltrans.o
 *fill*         0x08006808        0x8 
 .text.osalSysUnlockFromISR.lto_priv.267
                0x08006810        0x8 C:\Users\Ciccio\AppData\Local\Temp\ccXVDL4Z.ltrans6.ltrans.o
 *fill*         0x08006818        0x8 
 .text.osalOsGetSystemTimeX
                0x08006820        0xc C:\Users\Ciccio\AppData\Local\Temp\ccXVDL4Z.ltrans6.ltrans.o
 *fill*         0x0800682c        0x4 
 .text.osalOsIsTimeWithinX
                0x08006830       0x20 C:\Users\Ciccio\AppData\Local\Temp\ccXVDL4Z.ltrans6.ltrans.o
 .text.osalThreadSuspendTimeoutS
                0x08006850       0x1c C:\Users\Ciccio\AppData\Local\Temp\ccXVDL4Z.ltrans6.ltrans.o
 *fill*         0x0800686c        0x4 
 .text.osalThreadResumeI
                0x08006870       0x18 C:\Users\Ciccio\AppData\Local\Temp\ccXVDL4Z.ltrans6.ltrans.o
 *fill*         0x08006888        0x8 
 .text.i2c_lld_set_clock
                0x08006890      0x1d0 C:\Users\Ciccio\AppData\Local\Temp\ccXVDL4Z.ltrans6.ltrans.o
 .text.i2c_lld_set_opmode
                0x08006a60       0x6c C:\Users\Ciccio\AppData\Local\Temp\ccXVDL4Z.ltrans6.ltrans.o
 *fill*         0x08006acc        0x4 
 .text.i2c_lld_serve_event_interrupt
                0x08006ad0      0x184 C:\Users\Ciccio\AppData\Local\Temp\ccXVDL4Z.ltrans6.ltrans.o
 *fill*         0x08006c54        0xc 
 .text.i2c_lld_serve_rx_end_irq
                0x08006c60       0x98 C:\Users\Ciccio\AppData\Local\Temp\ccXVDL4Z.ltrans6.ltrans.o
 *fill*         0x08006cf8        0x8 
 .text.i2c_lld_serve_tx_end_irq
                0x08006d00       0x6c C:\Users\Ciccio\AppData\Local\Temp\ccXVDL4Z.ltrans6.ltrans.o
 *fill*         0x08006d6c        0x4 
 .text.i2c_lld_serve_error_interrupt
                0x08006d70      0x16c C:\Users\Ciccio\AppData\Local\Temp\ccXVDL4Z.ltrans6.ltrans.o
 *fill*         0x08006edc        0x4 
 .text.VectorBC
                0x08006ee0       0x20 C:\Users\Ciccio\AppData\Local\Temp\ccXVDL4Z.ltrans6.ltrans.o
                0x08006ee0                VectorBC
 .text.VectorC0
                0x08006f00       0x44 C:\Users\Ciccio\AppData\Local\Temp\ccXVDL4Z.ltrans6.ltrans.o
                0x08006f00                VectorC0
 *fill*         0x08006f44        0xc 
 .text.VectorC4
                0x08006f50       0x20 C:\Users\Ciccio\AppData\Local\Temp\ccXVDL4Z.ltrans6.ltrans.o
                0x08006f50                VectorC4
 .text.VectorC8
                0x08006f70       0x44 C:\Users\Ciccio\AppData\Local\Temp\ccXVDL4Z.ltrans6.ltrans.o
                0x08006f70                VectorC8
 *fill*         0x08006fb4        0xc 
 .text.Vector160
                0x08006fc0       0x20 C:\Users\Ciccio\AppData\Local\Temp\ccXVDL4Z.ltrans6.ltrans.o
                0x08006fc0                Vector160
 .text.Vector164
                0x08006fe0       0x44 C:\Users\Ciccio\AppData\Local\Temp\ccXVDL4Z.ltrans6.ltrans.o
                0x08006fe0                Vector164
 *fill*         0x08007024        0xc 
 .text.i2c_lld_init
                0x08007030       0x8c C:\Users\Ciccio\AppData\Local\Temp\ccXVDL4Z.ltrans6.ltrans.o
                0x08007030                i2c_lld_init
 *fill*         0x080070bc        0x4 
 .text.i2c_lld_start
                0x080070c0      0x268 C:\Users\Ciccio\AppData\Local\Temp\ccXVDL4Z.ltrans6.ltrans.o
                0x080070c0                i2c_lld_start
 *fill*         0x08007328        0x8 
 .text.i2c_lld_master_transmit_timeout
                0x08007330       0xec C:\Users\Ciccio\AppData\Local\Temp\ccXVDL4Z.ltrans6.ltrans.o
                0x08007330                i2c_lld_master_transmit_timeout
 *fill*         0x0800741c        0x4 
 .text.port_lock.lto_priv.263
                0x08007420       0x10 C:\Users\Ciccio\AppData\Local\Temp\ccXVDL4Z.ltrans6.ltrans.o
 .text.port_unlock.lto_priv.261
                0x08007430       0x10 C:\Users\Ciccio\AppData\Local\Temp\ccXVDL4Z.ltrans6.ltrans.o
 .text.port_lock_from_isr.lto_priv.259
                0x08007440        0x8 C:\Users\Ciccio\AppData\Local\Temp\ccXVDL4Z.ltrans6.ltrans.o
 *fill*         0x08007448        0x8 
 .text.port_unlock_from_isr.lto_priv.256
                0x08007450        0x8 C:\Users\Ciccio\AppData\Local\Temp\ccXVDL4Z.ltrans6.ltrans.o
 *fill*         0x08007458        0x8 
 .text.chSysLockFromISR.lto_priv.253
                0x08007460       0x10 C:\Users\Ciccio\AppData\Local\Temp\ccXVDL4Z.ltrans6.ltrans.o
 .text.chSysUnlockFromISR.lto_priv.250
                0x08007470       0x10 C:\Users\Ciccio\AppData\Local\Temp\ccXVDL4Z.ltrans6.ltrans.o
 .text.chOQIsEmptyI.lto_priv.245
                0x08007480       0x34 C:\Users\Ciccio\AppData\Local\Temp\ccXVDL4Z.ltrans6.ltrans.o
                0x08007480                chOQIsEmptyI.lto_priv.245
 *fill*         0x080074b4        0xc 
 .text.osalSysLockFromISR.lto_priv.246
                0x080074c0        0x8 C:\Users\Ciccio\AppData\Local\Temp\ccXVDL4Z.ltrans6.ltrans.o
                0x080074c0                osalSysLockFromISR.lto_priv.246
 *fill*         0x080074c8        0x8 
 .text.osalSysUnlockFromISR.lto_priv.243
                0x080074d0        0x8 C:\Users\Ciccio\AppData\Local\Temp\ccXVDL4Z.ltrans6.ltrans.o
                0x080074d0                osalSysUnlockFromISR.lto_priv.243
 *fill*         0x080074d8        0x8 
 .text.osalEventBroadcastFlagsI.lto_priv.244
                0x080074e0       0x18 C:\Users\Ciccio\AppData\Local\Temp\ccXVDL4Z.ltrans6.ltrans.o
                0x080074e0                osalEventBroadcastFlagsI.lto_priv.244
 *fill*         0x080074f8        0x8 
 .text.usart_init.lto_priv.242
                0x08007500       0x94 C:\Users\Ciccio\AppData\Local\Temp\ccXVDL4Z.ltrans6.ltrans.o
                0x08007500                usart_init.lto_priv.242
 *fill*         0x08007594        0xc 
 .text.set_error.lto_priv.247
                0x080075a0       0x74 C:\Users\Ciccio\AppData\Local\Temp\ccXVDL4Z.ltrans6.ltrans.o
                0x080075a0                set_error.lto_priv.247
 *fill*         0x08007614        0xc 
 .text.port_lock.lto_priv.273
                0x08007620       0x10 C:\Users\Ciccio\AppData\Local\Temp\ccXVDL4Z.ltrans7.ltrans.o
 .text.port_unlock.lto_priv.270
                0x08007630       0x10 C:\Users\Ciccio\AppData\Local\Temp\ccXVDL4Z.ltrans7.ltrans.o
 .text.chSysLock.lto_priv.293
                0x08007640       0x10 C:\Users\Ciccio\AppData\Local\Temp\ccXVDL4Z.ltrans7.ltrans.o
 .text.chSysUnlock.lto_priv.291
                0x08007650       0x38 C:\Users\Ciccio\AppData\Local\Temp\ccXVDL4Z.ltrans7.ltrans.o
 *fill*         0x08007688        0x8 
 .text.osalSysLock.lto_priv.289
                0x08007690        0x8 C:\Users\Ciccio\AppData\Local\Temp\ccXVDL4Z.ltrans7.ltrans.o
 *fill*         0x08007698        0x8 
 .text.osalSysUnlock.lto_priv.286
                0x080076a0        0x8 C:\Users\Ciccio\AppData\Local\Temp\ccXVDL4Z.ltrans7.ltrans.o
 *fill*         0x080076a8        0x8 
 .text.osalMutexObjectInit
                0x080076b0       0x14 C:\Users\Ciccio\AppData\Local\Temp\ccXVDL4Z.ltrans7.ltrans.o
 *fill*         0x080076c4        0xc 
 .text.osalMutexLock
                0x080076d0       0x14 C:\Users\Ciccio\AppData\Local\Temp\ccXVDL4Z.ltrans7.ltrans.o
 *fill*         0x080076e4        0xc 
 .text.osalMutexUnlock
                0x080076f0       0x14 C:\Users\Ciccio\AppData\Local\Temp\ccXVDL4Z.ltrans7.ltrans.o
 *fill*         0x08007704        0xc 
 .text.i2cInit  0x08007710        0x8 C:\Users\Ciccio\AppData\Local\Temp\ccXVDL4Z.ltrans7.ltrans.o
                0x08007710                i2cInit
 *fill*         0x08007718        0x8 
 .text.i2cObjectInit
                0x08007720       0x24 C:\Users\Ciccio\AppData\Local\Temp\ccXVDL4Z.ltrans7.ltrans.o
                0x08007720                i2cObjectInit
 *fill*         0x08007744        0xc 
 .text.i2cStart
                0x08007750       0x5c C:\Users\Ciccio\AppData\Local\Temp\ccXVDL4Z.ltrans7.ltrans.o
                0x08007750                i2cStart
 *fill*         0x080077ac        0x4 
 .text.i2cMasterTransmitTimeout
                0x080077b0       0xac C:\Users\Ciccio\AppData\Local\Temp\ccXVDL4Z.ltrans7.ltrans.o
                0x080077b0                i2cMasterTransmitTimeout
 *fill*         0x0800785c        0x4 
 .text.i2cAcquireBus
                0x08007860       0x28 C:\Users\Ciccio\AppData\Local\Temp\ccXVDL4Z.ltrans7.ltrans.o
                0x08007860                i2cAcquireBus
 *fill*         0x08007888        0x8 
 .text.i2cReleaseBus
                0x08007890       0x28 C:\Users\Ciccio\AppData\Local\Temp\ccXVDL4Z.ltrans7.ltrans.o
                0x08007890                i2cReleaseBus
 *fill*         0x080078b8        0x8 
 .text.port_lock.lto_priv.274
                0x080078c0       0x10 C:\Users\Ciccio\AppData\Local\Temp\ccXVDL4Z.ltrans7.ltrans.o
 .text.port_unlock.lto_priv.271
                0x080078d0       0x10 C:\Users\Ciccio\AppData\Local\Temp\ccXVDL4Z.ltrans7.ltrans.o
 .text.chSysLock.lto_priv.294
                0x080078e0       0x10 C:\Users\Ciccio\AppData\Local\Temp\ccXVDL4Z.ltrans7.ltrans.o
 .text.chSysUnlock.lto_priv.292
                0x080078f0       0x38 C:\Users\Ciccio\AppData\Local\Temp\ccXVDL4Z.ltrans7.ltrans.o
 *fill*         0x08007928        0x8 
 .text.chEvtObjectInit
                0x08007930       0x10 C:\Users\Ciccio\AppData\Local\Temp\ccXVDL4Z.ltrans7.ltrans.o
 .text.chIQIsEmptyI
                0x08007940       0x20 C:\Users\Ciccio\AppData\Local\Temp\ccXVDL4Z.ltrans7.ltrans.o
 .text.osalSysLock.lto_priv.290
                0x08007960        0x8 C:\Users\Ciccio\AppData\Local\Temp\ccXVDL4Z.ltrans7.ltrans.o
 *fill*         0x08007968        0x8 
 .text.osalSysUnlock.lto_priv.287
                0x08007970        0x8 C:\Users\Ciccio\AppData\Local\Temp\ccXVDL4Z.ltrans7.ltrans.o
 *fill*         0x08007978        0x8 
 .text.osalEventObjectInit
                0x08007980       0x14 C:\Users\Ciccio\AppData\Local\Temp\ccXVDL4Z.ltrans7.ltrans.o
 *fill*         0x08007994        0xc 
 .text.osalEventBroadcastFlagsI
                0x080079a0       0x18 C:\Users\Ciccio\AppData\Local\Temp\ccXVDL4Z.ltrans7.ltrans.o
 *fill*         0x080079b8        0x8 
 .text.write.lto_priv.103
                0x080079c0       0x28 C:\Users\Ciccio\AppData\Local\Temp\ccXVDL4Z.ltrans7.ltrans.o
                0x080079c0                write.lto_priv.103
 *fill*         0x080079e8        0x8 
 .text.read.lto_priv.104
                0x080079f0       0x28 C:\Users\Ciccio\AppData\Local\Temp\ccXVDL4Z.ltrans7.ltrans.o
                0x080079f0                read.lto_priv.104
 *fill*         0x08007a18        0x8 
 .text.put.lto_priv.4
                0x08007a20       0x2c C:\Users\Ciccio\AppData\Local\Temp\ccXVDL4Z.ltrans7.ltrans.o
                0x08007a20                put.lto_priv.4
 *fill*         0x08007a4c        0x4 
 .text.get.lto_priv.2
                0x08007a50       0x20 C:\Users\Ciccio\AppData\Local\Temp\ccXVDL4Z.ltrans7.ltrans.o
                0x08007a50                get.lto_priv.2
 .text.putt.lto_priv.105
                0x08007a70       0x2c C:\Users\Ciccio\AppData\Local\Temp\ccXVDL4Z.ltrans7.ltrans.o
                0x08007a70                putt.lto_priv.105
 *fill*         0x08007a9c        0x4 
 .text.gett.lto_priv.106
                0x08007aa0       0x20 C:\Users\Ciccio\AppData\Local\Temp\ccXVDL4Z.ltrans7.ltrans.o
                0x08007aa0                gett.lto_priv.106
 .text.writet.lto_priv.107
                0x08007ac0       0x28 C:\Users\Ciccio\AppData\Local\Temp\ccXVDL4Z.ltrans7.ltrans.o
                0x08007ac0                writet.lto_priv.107
 *fill*         0x08007ae8        0x8 
 .text.readt.lto_priv.108
                0x08007af0       0x28 C:\Users\Ciccio\AppData\Local\Temp\ccXVDL4Z.ltrans7.ltrans.o
                0x08007af0                readt.lto_priv.108
 *fill*         0x08007b18        0x8 
 .text.sdInit   0x08007b20        0x8 C:\Users\Ciccio\AppData\Local\Temp\ccXVDL4Z.ltrans7.ltrans.o
                0x08007b20                sdInit
 *fill*         0x08007b28        0x8 
 .text.sdObjectInit
                0x08007b30       0x64 C:\Users\Ciccio\AppData\Local\Temp\ccXVDL4Z.ltrans7.ltrans.o
                0x08007b30                sdObjectInit
 *fill*         0x08007b94        0xc 
 .text.sdStart  0x08007ba0       0x4c C:\Users\Ciccio\AppData\Local\Temp\ccXVDL4Z.ltrans7.ltrans.o
                0x08007ba0                sdStart
 *fill*         0x08007bec        0x4 
 .text.sdIncomingDataI
                0x08007bf0       0x68 C:\Users\Ciccio\AppData\Local\Temp\ccXVDL4Z.ltrans7.ltrans.o
                0x08007bf0                sdIncomingDataI
 *fill*         0x08007c58        0x8 
 .text.nvicEnableVector
                0x08007c60       0x54 C:\Users\Ciccio\AppData\Local\Temp\ccXVDL4Z.ltrans7.ltrans.o
                0x08007c60                nvicEnableVector
 *fill*         0x08007cb4        0xc 
 .text.hal_lld_backup_domain_init
                0x08007cc0       0x40 C:\Users\Ciccio\AppData\Local\Temp\ccXVDL4Z.ltrans7.ltrans.o
 .text.hal_lld_init
                0x08007d00       0x64 C:\Users\Ciccio\AppData\Local\Temp\ccXVDL4Z.ltrans7.ltrans.o
                0x08007d00                hal_lld_init
 *fill*         0x08007d64        0xc 
 .text.stm32_clock_init
                0x08007d70       0xf0 C:\Users\Ciccio\AppData\Local\Temp\ccXVDL4Z.ltrans7.ltrans.o
                0x08007d70                stm32_clock_init
 .text.Vector6C
                0x08007e60       0x48 C:\Users\Ciccio\AppData\Local\Temp\ccXVDL4Z.ltrans7.ltrans.o
                0x08007e60                Vector6C
 *fill*         0x08007ea8        0x8 
 .text.Vector70
                0x08007eb0       0x4c C:\Users\Ciccio\AppData\Local\Temp\ccXVDL4Z.ltrans7.ltrans.o
                0x08007eb0                Vector70
 *fill*         0x08007efc        0x4 
 .text.Vector74
                0x08007f00       0x4c C:\Users\Ciccio\AppData\Local\Temp\ccXVDL4Z.ltrans7.ltrans.o
                0x08007f00                Vector74
 *fill*         0x08007f4c        0x4 
 .text.Vector78
                0x08007f50       0x4c C:\Users\Ciccio\AppData\Local\Temp\ccXVDL4Z.ltrans7.ltrans.o
                0x08007f50                Vector78
 *fill*         0x08007f9c        0x4 
 .text.Vector7C
                0x08007fa0       0x48 C:\Users\Ciccio\AppData\Local\Temp\ccXVDL4Z.ltrans7.ltrans.o
                0x08007fa0                Vector7C
 *fill*         0x08007fe8        0x8 
 .text.Vector80
                0x08007ff0       0x4c C:\Users\Ciccio\AppData\Local\Temp\ccXVDL4Z.ltrans7.ltrans.o
                0x08007ff0                Vector80
 *fill*         0x0800803c        0x4 
 .text.Vector84
                0x08008040       0x4c C:\Users\Ciccio\AppData\Local\Temp\ccXVDL4Z.ltrans7.ltrans.o
                0x08008040                Vector84
 *fill*         0x0800808c        0x4 
 .text.VectorFC
                0x08008090       0x4c C:\Users\Ciccio\AppData\Local\Temp\ccXVDL4Z.ltrans7.ltrans.o
                0x08008090                VectorFC
 *fill*         0x080080dc        0x4 
 .text.Vector120
                0x080080e0       0x48 C:\Users\Ciccio\AppData\Local\Temp\ccXVDL4Z.ltrans7.ltrans.o
                0x080080e0                Vector120
 *fill*         0x08008128        0x8 
 .text.Vector124
                0x08008130       0x4c C:\Users\Ciccio\AppData\Local\Temp\ccXVDL4Z.ltrans7.ltrans.o
                0x08008130                Vector124
 *fill*         0x0800817c        0x4 
 .text.Vector128
                0x08008180       0x4c C:\Users\Ciccio\AppData\Local\Temp\ccXVDL4Z.ltrans7.ltrans.o
                0x08008180                Vector128
 *fill*         0x080081cc        0x4 
 .text.Vector12C
                0x080081d0       0x4c C:\Users\Ciccio\AppData\Local\Temp\ccXVDL4Z.ltrans7.ltrans.o
                0x080081d0                Vector12C
 *fill*         0x0800821c        0x4 
 .text.Vector130
                0x08008220       0x48 C:\Users\Ciccio\AppData\Local\Temp\ccXVDL4Z.ltrans7.ltrans.o
                0x08008220                Vector130
 *fill*         0x08008268        0x8 
 .text.Vector150
                0x08008270       0x4c C:\Users\Ciccio\AppData\Local\Temp\ccXVDL4Z.ltrans7.ltrans.o
                0x08008270                Vector150
 *fill*         0x080082bc        0x4 
 .text.Vector154
                0x080082c0       0x4c C:\Users\Ciccio\AppData\Local\Temp\ccXVDL4Z.ltrans7.ltrans.o
                0x080082c0                Vector154
 *fill*         0x0800830c        0x4 
 .text.Vector158
                0x08008310       0x4c C:\Users\Ciccio\AppData\Local\Temp\ccXVDL4Z.ltrans7.ltrans.o
                0x08008310                Vector158
 *fill*         0x0800835c        0x4 
 .text.dmaInit  0x08008360       0x70 C:\Users\Ciccio\AppData\Local\Temp\ccXVDL4Z.ltrans7.ltrans.o
 .text.dmaStreamAllocate
                0x080083d0       0xfc C:\Users\Ciccio\AppData\Local\Temp\ccXVDL4Z.ltrans7.ltrans.o
                0x080083d0                dmaStreamAllocate
 *fill*         0x080084cc        0x4 
 .text.port_lock.lto_priv.275
                0x080084d0       0x10 C:\Users\Ciccio\AppData\Local\Temp\ccXVDL4Z.ltrans7.ltrans.o
 .text.port_unlock.lto_priv.272
                0x080084e0       0x10 C:\Users\Ciccio\AppData\Local\Temp\ccXVDL4Z.ltrans7.ltrans.o
 .text.port_lock_from_isr.lto_priv.257
                0x080084f0        0x8 C:\Users\Ciccio\AppData\Local\Temp\ccXVDL4Z.ltrans7.ltrans.o
                0x080084f0                port_lock_from_isr.lto_priv.257
 *fill*         0x080084f8        0x8 
 .text.port_unlock_from_isr.lto_priv.254
                0x08008500        0x8 C:\Users\Ciccio\AppData\Local\Temp\ccXVDL4Z.ltrans7.ltrans.o
                0x08008500                port_unlock_from_isr.lto_priv.254
 *fill*         0x08008508        0x8 
 .text.chOQResetI
                0x08008510       0x40 C:\Users\Ciccio\AppData\Local\Temp\ccXVDL4Z.ltrans8.ltrans.o
                0x08008510                chOQResetI
 .text.chOQPutTimeout
                0x08008550       0x88 C:\Users\Ciccio\AppData\Local\Temp\ccXVDL4Z.ltrans8.ltrans.o
                0x08008550                chOQPutTimeout
 *fill*         0x080085d8        0x8 
 .text.chOQGetI
                0x080085e0       0x60 C:\Users\Ciccio\AppData\Local\Temp\ccXVDL4Z.ltrans8.ltrans.o
                0x080085e0                chOQGetI
 .text.chOQWriteTimeout
                0x08008640       0xb8 C:\Users\Ciccio\AppData\Local\Temp\ccXVDL4Z.ltrans8.ltrans.o
                0x08008640                chOQWriteTimeout
 *fill*         0x080086f8        0x8 
 .text.port_lock.lto_priv.325
                0x08008700       0x10 C:\Users\Ciccio\AppData\Local\Temp\ccXVDL4Z.ltrans8.ltrans.o
 .text.port_unlock.lto_priv.321
                0x08008710       0x10 C:\Users\Ciccio\AppData\Local\Temp\ccXVDL4Z.ltrans8.ltrans.o
 .text.chSysLock.lto_priv.318
                0x08008720       0x10 C:\Users\Ciccio\AppData\Local\Temp\ccXVDL4Z.ltrans8.ltrans.o
 .text.chSysUnlock.lto_priv.313
                0x08008730       0x38 C:\Users\Ciccio\AppData\Local\Temp\ccXVDL4Z.ltrans8.ltrans.o
 *fill*         0x08008768        0x8 
 .text._core_init
                0x08008770       0x2c C:\Users\Ciccio\AppData\Local\Temp\ccXVDL4Z.ltrans8.ltrans.o
                0x08008770                _core_init
 *fill*         0x0800879c        0x4 
 .text.chCoreAlloc
                0x080087a0       0x20 C:\Users\Ciccio\AppData\Local\Temp\ccXVDL4Z.ltrans8.ltrans.o
 .text.chCoreAllocI
                0x080087c0       0x50 C:\Users\Ciccio\AppData\Local\Temp\ccXVDL4Z.ltrans8.ltrans.o
 .text.chCoreGetStatusX
                0x08008810       0x18 C:\Users\Ciccio\AppData\Local\Temp\ccXVDL4Z.ltrans8.ltrans.o
                0x08008810                chCoreGetStatusX
 *fill*         0x08008828        0x8 
 .text._heap_init
                0x08008830       0x28 C:\Users\Ciccio\AppData\Local\Temp\ccXVDL4Z.ltrans8.ltrans.o
                0x08008830                _heap_init
 *fill*         0x08008858        0x8 
 .text.chHeapObjectInit
                0x08008860       0x60 C:\Users\Ciccio\AppData\Local\Temp\ccXVDL4Z.ltrans8.ltrans.o
                0x08008860                chHeapObjectInit
 .text.chHeapAlloc
                0x080088c0       0xf0 C:\Users\Ciccio\AppData\Local\Temp\ccXVDL4Z.ltrans8.ltrans.o
                0x080088c0                chHeapAlloc
 .text.chHeapFree
                0x080089b0       0xf8 C:\Users\Ciccio\AppData\Local\Temp\ccXVDL4Z.ltrans8.ltrans.o
                0x080089b0                chHeapFree
 *fill*         0x08008aa8        0x8 
 .text.chHeapStatus
                0x08008ab0       0x70 C:\Users\Ciccio\AppData\Local\Temp\ccXVDL4Z.ltrans8.ltrans.o
                0x08008ab0                chHeapStatus
 .text.port_lock.lto_priv.326
                0x08008b20       0x10 C:\Users\Ciccio\AppData\Local\Temp\ccXVDL4Z.ltrans8.ltrans.o
 .text.port_unlock.lto_priv.322
                0x08008b30       0x10 C:\Users\Ciccio\AppData\Local\Temp\ccXVDL4Z.ltrans8.ltrans.o
 .text.chSysLock.lto_priv.319
                0x08008b40       0x10 C:\Users\Ciccio\AppData\Local\Temp\ccXVDL4Z.ltrans8.ltrans.o
 .text.chSysUnlock.lto_priv.314
                0x08008b50       0x38 C:\Users\Ciccio\AppData\Local\Temp\ccXVDL4Z.ltrans8.ltrans.o
 *fill*         0x08008b88        0x8 
 .text.chPoolAdd
                0x08008b90       0x18 C:\Users\Ciccio\AppData\Local\Temp\ccXVDL4Z.ltrans8.ltrans.o
 *fill*         0x08008ba8        0x8 
 .text.chPoolObjectInit
                0x08008bb0       0x38 C:\Users\Ciccio\AppData\Local\Temp\ccXVDL4Z.ltrans8.ltrans.o
                0x08008bb0                chPoolObjectInit
 *fill*         0x08008be8        0x8 
 .text.chPoolLoadArray
                0x08008bf0       0x48 C:\Users\Ciccio\AppData\Local\Temp\ccXVDL4Z.ltrans8.ltrans.o
                0x08008bf0                chPoolLoadArray
 *fill*         0x08008c38        0x8 
 .text.chPoolAllocI
                0x08008c40       0x54 C:\Users\Ciccio\AppData\Local\Temp\ccXVDL4Z.ltrans8.ltrans.o
 *fill*         0x08008c94        0xc 
 .text.chPoolAlloc
                0x08008ca0       0x20 C:\Users\Ciccio\AppData\Local\Temp\ccXVDL4Z.ltrans8.ltrans.o
                0x08008ca0                chPoolAlloc
 .text.chPoolFreeI
                0x08008cc0       0x3c C:\Users\Ciccio\AppData\Local\Temp\ccXVDL4Z.ltrans8.ltrans.o
 *fill*         0x08008cfc        0x4 
 .text.chPoolFree
                0x08008d00       0x20 C:\Users\Ciccio\AppData\Local\Temp\ccXVDL4Z.ltrans8.ltrans.o
                0x08008d00                chPoolFree
 .text.port_lock.lto_priv.327
                0x08008d20       0x10 C:\Users\Ciccio\AppData\Local\Temp\ccXVDL4Z.ltrans8.ltrans.o
 .text.port_unlock.lto_priv.323
                0x08008d30       0x10 C:\Users\Ciccio\AppData\Local\Temp\ccXVDL4Z.ltrans8.ltrans.o
 .text.port_lock_from_isr
                0x08008d40        0x8 C:\Users\Ciccio\AppData\Local\Temp\ccXVDL4Z.ltrans8.ltrans.o
 *fill*         0x08008d48        0x8 
 .text.port_unlock_from_isr
                0x08008d50        0x8 C:\Users\Ciccio\AppData\Local\Temp\ccXVDL4Z.ltrans8.ltrans.o
 *fill*         0x08008d58        0x8 
 .text.SVC_Handler
                0x08008d60       0x28 C:\Users\Ciccio\AppData\Local\Temp\ccXVDL4Z.ltrans8.ltrans.o
                0x08008d60                SVC_Handler
 *fill*         0x08008d88        0x8 
 .text._port_irq_epilogue
                0x08008d90       0x64 C:\Users\Ciccio\AppData\Local\Temp\ccXVDL4Z.ltrans8.ltrans.o
                0x08008d90                _port_irq_epilogue
 *fill*         0x08008df4        0xc 
 .text.osalInit
                0x08008e00        0x4 C:\Users\Ciccio\AppData\Local\Temp\ccXVDL4Z.ltrans8.ltrans.o
 *fill*         0x08008e04        0xc 
 .text.halInit  0x08008e10       0x28 C:\Users\Ciccio\AppData\Local\Temp\ccXVDL4Z.ltrans8.ltrans.o
                0x08008e10                halInit
 *fill*         0x08008e38        0x8 
 .text.st_lld_start_alarm
                0x08008e40       0x20 C:\Users\Ciccio\AppData\Local\Temp\ccXVDL4Z.ltrans8.ltrans.o
 .text.st_lld_stop_alarm
                0x08008e60        0xc C:\Users\Ciccio\AppData\Local\Temp\ccXVDL4Z.ltrans8.ltrans.o
 *fill*         0x08008e6c        0x4 
 .text.st_lld_set_alarm
                0x08008e70       0x10 C:\Users\Ciccio\AppData\Local\Temp\ccXVDL4Z.ltrans8.ltrans.o
 .text.st_lld_is_alarm_active
                0x08008e80       0x18 C:\Users\Ciccio\AppData\Local\Temp\ccXVDL4Z.ltrans8.ltrans.o
 *fill*         0x08008e98        0x8 
 .text.stInit   0x08008ea0        0x8 C:\Users\Ciccio\AppData\Local\Temp\ccXVDL4Z.ltrans8.ltrans.o
 *fill*         0x08008ea8        0x8 
 .text.stStartAlarm
                0x08008eb0       0x28 C:\Users\Ciccio\AppData\Local\Temp\ccXVDL4Z.ltrans8.ltrans.o
                0x08008eb0                stStartAlarm
 *fill*         0x08008ed8        0x8 
 .text.stStopAlarm
                0x08008ee0        0x8 C:\Users\Ciccio\AppData\Local\Temp\ccXVDL4Z.ltrans8.ltrans.o
                0x08008ee0                stStopAlarm
 *fill*         0x08008ee8        0x8 
 .text.stSetAlarm
                0x08008ef0       0x2c C:\Users\Ciccio\AppData\Local\Temp\ccXVDL4Z.ltrans8.ltrans.o
                0x08008ef0                stSetAlarm
 *fill*         0x08008f1c        0x4 
 .text.chCondObjectInit
                0x08008f20       0x24 C:\Users\Ciccio\AppData\Local\Temp\ccXVDL4Z.ltrans9.ltrans.o
                0x08008f20                chCondObjectInit
 *fill*         0x08008f44        0xc 
 .text.chCondSignal
                0x08008f50       0x44 C:\Users\Ciccio\AppData\Local\Temp\ccXVDL4Z.ltrans9.ltrans.o
                0x08008f50                chCondSignal
 *fill*         0x08008f94        0xc 
 .text.chCondSignalI
                0x08008fa0       0x44 C:\Users\Ciccio\AppData\Local\Temp\ccXVDL4Z.ltrans9.ltrans.o
                0x08008fa0                chCondSignalI
 *fill*         0x08008fe4        0xc 
 .text.chCondBroadcast
                0x08008ff0       0x20 C:\Users\Ciccio\AppData\Local\Temp\ccXVDL4Z.ltrans9.ltrans.o
                0x08008ff0                chCondBroadcast
 .text.chCondBroadcastI
                0x08009010       0x48 C:\Users\Ciccio\AppData\Local\Temp\ccXVDL4Z.ltrans9.ltrans.o
 *fill*         0x08009058        0x8 
 .text.chCondWait
                0x08009060       0x20 C:\Users\Ciccio\AppData\Local\Temp\ccXVDL4Z.ltrans9.ltrans.o
                0x08009060                chCondWait
 .text.chCondWaitS
                0x08009080       0x6c C:\Users\Ciccio\AppData\Local\Temp\ccXVDL4Z.ltrans9.ltrans.o
 *fill*         0x080090ec        0x4 
 .text.chCondWaitTimeout
                0x080090f0       0x24 C:\Users\Ciccio\AppData\Local\Temp\ccXVDL4Z.ltrans9.ltrans.o
                0x080090f0                chCondWaitTimeout
 *fill*         0x08009114        0xc 
 .text.chCondWaitTimeoutS
                0x08009120       0x7c C:\Users\Ciccio\AppData\Local\Temp\ccXVDL4Z.ltrans9.ltrans.o
 *fill*         0x0800919c        0x4 
 .text.port_lock.lto_priv.347
                0x080091a0       0x10 C:\Users\Ciccio\AppData\Local\Temp\ccXVDL4Z.ltrans9.ltrans.o
 .text.port_unlock.lto_priv.343
                0x080091b0       0x10 C:\Users\Ciccio\AppData\Local\Temp\ccXVDL4Z.ltrans9.ltrans.o
 .text.chSysLock.lto_priv.359
                0x080091c0       0x10 C:\Users\Ciccio\AppData\Local\Temp\ccXVDL4Z.ltrans9.ltrans.o
 .text.chSysUnlock.lto_priv.355
                0x080091d0       0x38 C:\Users\Ciccio\AppData\Local\Temp\ccXVDL4Z.ltrans9.ltrans.o
 *fill*         0x08009208        0x8 
 .text.chEvtRegisterMaskWithFlags
                0x08009210       0x5c C:\Users\Ciccio\AppData\Local\Temp\ccXVDL4Z.ltrans9.ltrans.o
                0x08009210                chEvtRegisterMaskWithFlags
 *fill*         0x0800926c        0x4 
 .text.chEvtUnregister
                0x08009270       0x58 C:\Users\Ciccio\AppData\Local\Temp\ccXVDL4Z.ltrans9.ltrans.o
                0x08009270                chEvtUnregister
 *fill*         0x080092c8        0x8 
 .text.chEvtGetAndClearEvents
                0x080092d0       0x3c C:\Users\Ciccio\AppData\Local\Temp\ccXVDL4Z.ltrans9.ltrans.o
                0x080092d0                chEvtGetAndClearEvents
 *fill*         0x0800930c        0x4 
 .text.chEvtAddEvents
                0x08009310       0x34 C:\Users\Ciccio\AppData\Local\Temp\ccXVDL4Z.ltrans9.ltrans.o
                0x08009310                chEvtAddEvents
 *fill*         0x08009344        0xc 
 .text.chEvtBroadcastFlagsI
                0x08009350       0x68 C:\Users\Ciccio\AppData\Local\Temp\ccXVDL4Z.ltrans9.ltrans.o
                0x08009350                chEvtBroadcastFlagsI
 *fill*         0x080093b8        0x8 
 .text.chEvtSignal
                0x080093c0       0x34 C:\Users\Ciccio\AppData\Local\Temp\ccXVDL4Z.ltrans9.ltrans.o
                0x080093c0                chEvtSignal
 *fill*         0x080093f4        0xc 
 .text.chEvtSignalI
                0x08009400       0x70 C:\Users\Ciccio\AppData\Local\Temp\ccXVDL4Z.ltrans9.ltrans.o
 .text.chEvtBroadcastFlags
                0x08009470       0x24 C:\Users\Ciccio\AppData\Local\Temp\ccXVDL4Z.ltrans9.ltrans.o
                0x08009470                chEvtBroadcastFlags
 *fill*         0x08009494        0xc 
 .text.chEvtDispatch
                0x080094a0       0x74 C:\Users\Ciccio\AppData\Local\Temp\ccXVDL4Z.ltrans9.ltrans.o
                0x080094a0                chEvtDispatch
 *fill*         0x08009514        0xc 
 .text.chEvtWaitOne
                0x08009520       0x60 C:\Users\Ciccio\AppData\Local\Temp\ccXVDL4Z.ltrans9.ltrans.o
                0x08009520                chEvtWaitOne
 .text.chEvtWaitAny
                0x08009580       0x58 C:\Users\Ciccio\AppData\Local\Temp\ccXVDL4Z.ltrans9.ltrans.o
                0x08009580                chEvtWaitAny
 *fill*         0x080095d8        0x8 
 .text.chEvtWaitAll
                0x080095e0       0x4c C:\Users\Ciccio\AppData\Local\Temp\ccXVDL4Z.ltrans9.ltrans.o
                0x080095e0                chEvtWaitAll
 *fill*         0x0800962c        0x4 
 .text.chEvtWaitOneTimeout
                0x08009630       0x80 C:\Users\Ciccio\AppData\Local\Temp\ccXVDL4Z.ltrans9.ltrans.o
                0x08009630                chEvtWaitOneTimeout
 .text.chEvtWaitAnyTimeout
                0x080096b0       0x78 C:\Users\Ciccio\AppData\Local\Temp\ccXVDL4Z.ltrans9.ltrans.o
                0x080096b0                chEvtWaitAnyTimeout
 *fill*         0x08009728        0x8 
 .text.chEvtWaitAllTimeout
                0x08009730       0x6c C:\Users\Ciccio\AppData\Local\Temp\ccXVDL4Z.ltrans9.ltrans.o
                0x08009730                chEvtWaitAllTimeout
 *fill*         0x0800979c        0x4 
 .text.port_lock.lto_priv.348
                0x080097a0       0x10 C:\Users\Ciccio\AppData\Local\Temp\ccXVDL4Z.ltrans9.ltrans.o
 .text.port_unlock.lto_priv.344
                0x080097b0       0x10 C:\Users\Ciccio\AppData\Local\Temp\ccXVDL4Z.ltrans9.ltrans.o
 .text.queue_insert
                0x080097c0       0x28 C:\Users\Ciccio\AppData\Local\Temp\ccXVDL4Z.ltrans9.ltrans.o
 *fill*         0x080097e8        0x8 
 .text.queue_fifo_remove.lto_priv.363
                0x080097f0       0x24 C:\Users\Ciccio\AppData\Local\Temp\ccXVDL4Z.ltrans9.ltrans.o
 *fill*         0x08009814        0xc 
 .text.chSysLock.lto_priv.360
                0x08009820       0x10 C:\Users\Ciccio\AppData\Local\Temp\ccXVDL4Z.ltrans9.ltrans.o
 .text.chSysUnlock.lto_priv.356
                0x08009830       0x38 C:\Users\Ciccio\AppData\Local\Temp\ccXVDL4Z.ltrans9.ltrans.o
 *fill*         0x08009868        0x8 
 .text.chMsgIsPendingI
                0x08009870       0x24 C:\Users\Ciccio\AppData\Local\Temp\ccXVDL4Z.ltrans9.ltrans.o
 *fill*         0x08009894        0xc 
 .text.chMsgReleaseS
                0x080098a0       0x1c C:\Users\Ciccio\AppData\Local\Temp\ccXVDL4Z.ltrans9.ltrans.o
 *fill*         0x080098bc        0x4 
 .text.chMsgSend
                0x080098c0       0x6c C:\Users\Ciccio\AppData\Local\Temp\ccXVDL4Z.ltrans9.ltrans.o
                0x080098c0                chMsgSend
 *fill*         0x0800992c        0x4 
 .text.chMsgWait
                0x08009930       0x4c C:\Users\Ciccio\AppData\Local\Temp\ccXVDL4Z.ltrans9.ltrans.o
                0x08009930                chMsgWait
 *fill*         0x0800997c        0x4 
 .text.chMsgRelease
                0x08009980       0x34 C:\Users\Ciccio\AppData\Local\Temp\ccXVDL4Z.ltrans9.ltrans.o
                0x08009980                chMsgRelease
 *fill*         0x080099b4        0xc 
 .text.port_lock.lto_priv.349
                0x080099c0       0x10 C:\Users\Ciccio\AppData\Local\Temp\ccXVDL4Z.ltrans9.ltrans.o
 .text.port_unlock.lto_priv.345
                0x080099d0       0x10 C:\Users\Ciccio\AppData\Local\Temp\ccXVDL4Z.ltrans9.ltrans.o
 .text.chSysLock.lto_priv.361
                0x080099e0       0x10 C:\Users\Ciccio\AppData\Local\Temp\ccXVDL4Z.ltrans9.ltrans.o
 .text.chSysUnlock.lto_priv.357
                0x080099f0       0x38 C:\Users\Ciccio\AppData\Local\Temp\ccXVDL4Z.ltrans9.ltrans.o
 *fill*         0x08009a28        0x8 
 .text.chSemFastWaitI
                0x08009a30       0x1c C:\Users\Ciccio\AppData\Local\Temp\ccXVDL4Z.ltrans9.ltrans.o
 *fill*         0x08009a4c        0x4 
 .text.chSemGetCounterI
                0x08009a50       0x18 C:\Users\Ciccio\AppData\Local\Temp\ccXVDL4Z.ltrans9.ltrans.o
 *fill*         0x08009a68        0x8 
 .text.chMBObjectInit
                0x08009a70       0x64 C:\Users\Ciccio\AppData\Local\Temp\ccXVDL4Z.ltrans9.ltrans.o
                0x08009a70                chMBObjectInit
 *fill*         0x08009ad4        0xc 
 .text.chMBReset
                0x08009ae0       0x20 C:\Users\Ciccio\AppData\Local\Temp\ccXVDL4Z.ltrans9.ltrans.o
                0x08009ae0                chMBReset
 .text.chMBResetI
                0x08009b00       0x58 C:\Users\Ciccio\AppData\Local\Temp\ccXVDL4Z.ltrans9.ltrans.o
 *fill*         0x08009b58        0x8 
 .text.chMBPost
                0x08009b60       0x28 C:\Users\Ciccio\AppData\Local\Temp\ccXVDL4Z.ltrans9.ltrans.o
                0x08009b60                chMBPost
 *fill*         0x08009b88        0x8 
 .text.chMBPostS
                0x08009b90       0x6c C:\Users\Ciccio\AppData\Local\Temp\ccXVDL4Z.ltrans9.ltrans.o
 *fill*         0x08009bfc        0x4 
 .text.chMBPostI
                0x08009c00       0x74 C:\Users\Ciccio\AppData\Local\Temp\ccXVDL4Z.ltrans9.ltrans.o
                0x08009c00                chMBPostI
 *fill*         0x08009c74        0xc 
 .text.chMBPostAhead
                0x08009c80       0x28 C:\Users\Ciccio\AppData\Local\Temp\ccXVDL4Z.ltrans9.ltrans.o
                0x08009c80                chMBPostAhead
 *fill*         0x08009ca8        0x8 
 .text.chMBPostAheadS
                0x08009cb0       0x74 C:\Users\Ciccio\AppData\Local\Temp\ccXVDL4Z.ltrans9.ltrans.o
 *fill*         0x08009d24        0xc 
 .text.chMBPostAheadI
                0x08009d30       0x78 C:\Users\Ciccio\AppData\Local\Temp\ccXVDL4Z.ltrans9.ltrans.o
                0x08009d30                chMBPostAheadI
 *fill*         0x08009da8        0x8 
 .text.chMBFetch
                0x08009db0       0x28 C:\Users\Ciccio\AppData\Local\Temp\ccXVDL4Z.ltrans9.ltrans.o
                0x08009db0                chMBFetch
 *fill*         0x08009dd8        0x8 
 .text.chMBFetchS
                0x08009de0       0x74 C:\Users\Ciccio\AppData\Local\Temp\ccXVDL4Z.ltrans9.ltrans.o
 *fill*         0x08009e54        0xc 
 .text.chMBFetchI
                0x08009e60       0x7c C:\Users\Ciccio\AppData\Local\Temp\ccXVDL4Z.ltrans9.ltrans.o
                0x08009e60                chMBFetchI
 *fill*         0x08009edc        0x4 
 .text.port_lock.lto_priv.350
                0x08009ee0       0x10 C:\Users\Ciccio\AppData\Local\Temp\ccXVDL4Z.ltrans9.ltrans.o
 .text.port_unlock.lto_priv.346
                0x08009ef0       0x10 C:\Users\Ciccio\AppData\Local\Temp\ccXVDL4Z.ltrans9.ltrans.o
 .text.queue_init.lto_priv.342
                0x08009f00       0x14 C:\Users\Ciccio\AppData\Local\Temp\ccXVDL4Z.ltrans9.ltrans.o
 *fill*         0x08009f14        0xc 
 .text.chSysLock.lto_priv.317
                0x08009f20       0x10 C:\Users\Ciccio\AppData\Local\Temp\ccXVDL4Z.ltrans9.ltrans.o
                0x08009f20                chSysLock.lto_priv.317
 .text.chSysUnlock.lto_priv.312
                0x08009f30       0x38 C:\Users\Ciccio\AppData\Local\Temp\ccXVDL4Z.ltrans9.ltrans.o
                0x08009f30                chSysUnlock.lto_priv.312
 *fill*         0x08009f68        0x8 
 .text.chThdQueueObjectInit
                0x08009f70       0x14 C:\Users\Ciccio\AppData\Local\Temp\ccXVDL4Z.ltrans9.ltrans.o
 *fill*         0x08009f84        0xc 
 .text.chIQIsEmptyI
                0x08009f90       0x20 C:\Users\Ciccio\AppData\Local\Temp\ccXVDL4Z.ltrans9.ltrans.o
 .text.chIQIsFullI
                0x08009fb0       0x34 C:\Users\Ciccio\AppData\Local\Temp\ccXVDL4Z.ltrans9.ltrans.o
 *fill*         0x08009fe4        0xc 
 .text.chOQIsEmptyI.lto_priv.339
                0x08009ff0       0x34 C:\Users\Ciccio\AppData\Local\Temp\ccXVDL4Z.ltrans9.ltrans.o
                0x08009ff0                chOQIsEmptyI.lto_priv.339
 *fill*         0x0800a024        0xc 
 .text.chOQIsFullI.lto_priv.338
                0x0800a030       0x20 C:\Users\Ciccio\AppData\Local\Temp\ccXVDL4Z.ltrans9.ltrans.o
                0x0800a030                chOQIsFullI.lto_priv.338
 .text.chIQObjectInit
                0x0800a050       0x48 C:\Users\Ciccio\AppData\Local\Temp\ccXVDL4Z.ltrans9.ltrans.o
                0x0800a050                chIQObjectInit
 *fill*         0x0800a098        0x8 
 .text.chIQResetI
                0x0800a0a0       0x34 C:\Users\Ciccio\AppData\Local\Temp\ccXVDL4Z.ltrans9.ltrans.o
                0x0800a0a0                chIQResetI
 *fill*         0x0800a0d4        0xc 
 .text.chIQPutI
                0x0800a0e0       0x64 C:\Users\Ciccio\AppData\Local\Temp\ccXVDL4Z.ltrans9.ltrans.o
                0x0800a0e0                chIQPutI
 *fill*         0x0800a144        0xc 
 .text.chIQGetTimeout
                0x0800a150       0x84 C:\Users\Ciccio\AppData\Local\Temp\ccXVDL4Z.ltrans9.ltrans.o
                0x0800a150                chIQGetTimeout
 *fill*         0x0800a1d4        0xc 
 .text.chIQReadTimeout
                0x0800a1e0       0xb8 C:\Users\Ciccio\AppData\Local\Temp\ccXVDL4Z.ltrans9.ltrans.o
                0x0800a1e0                chIQReadTimeout
 *fill*         0x0800a298        0x8 
 .text.chOQObjectInit
                0x0800a2a0       0x48 C:\Users\Ciccio\AppData\Local\Temp\ccXVDL4Z.ltrans9.ltrans.o
                0x0800a2a0                chOQObjectInit
 *fill*         0x0800a2e8        0x8 
 .text.chTMStartMeasurementX
                0x0800a2f0       0x18 C:\Users\Ciccio\AppData\Local\Temp\ccXVDL4Z.ltrans10.ltrans.o
                0x0800a2f0                chTMStartMeasurementX
 *fill*         0x0800a308        0x8 
 .text.chTMStopMeasurementX
                0x0800a310       0x28 C:\Users\Ciccio\AppData\Local\Temp\ccXVDL4Z.ltrans10.ltrans.o
                0x0800a310                chTMStopMeasurementX
 *fill*         0x0800a338        0x8 
 .text.chTMChainMeasurementToX